Component: ARM Compiler 5.05 update 2 (build 169) Tool: armlink [4d0f33]

==============================================================================

Section Cross References

    main.o(.text) refers to os_cpu_c.o(.text) for OS_CPU_SysTickInit
    main.o(.text) refers to os_core.o(.text) for OSStatInit
    main.o(.text) refers to task.o(.text) for App_Task
    main.o(.text) refers to os_time.o(.text) for OSTimeDlyHMSM
    main.o(.text) refers to os_cpu_a.o(.text) for CPU_IntDis
    main.o(.text) refers to os_task.o(.text) for OSTaskCreateExt
    main.o(.text) refers to system_stm32f4xx.o(.data) for SystemCoreClock
    main.o(.text) refers to main.o(.bss) for App_TaskStartStk
    timer.o(.text) refers to stm32f4xx_rcc.o(.text) for RCC_APB2PeriphClockCmd
    timer.o(.text) refers to stm32f4xx_tim.o(.text) for TIM_TimeBaseInit
    timer.o(.text) refers to misc.o(.text) for NVIC_Init
    timer.o(.text) refers to stm32f4xx_gpio.o(.text) for GPIO_PinAFConfig
    usart.o(.text) refers to stm32f4xx_rcc.o(.text) for RCC_AHB1PeriphClockCmd
    usart.o(.text) refers to stm32f4xx_gpio.o(.text) for GPIO_PinAFConfig
    usart.o(.text) refers to stm32f4xx_usart.o(.text) for USART_Init
    usart.o(.text) refers to misc.o(.text) for NVIC_Init
    usart.o(.text) refers to drleqf.o(x$fpl$drleqf) for __aeabi_cdrcmple
    usart.o(.text) refers to pow.o(i.__hardfp_pow) for __hardfp_pow
    usart.o(.text) refers to dmul.o(x$fpl$dmul) for __aeabi_dmul
    usart.o(.text) refers to dfix.o(x$fpl$dfix) for __aeabi_d2iz
    usart.o(.text) refers to dflt_clz.o(x$fpl$dfltu) for __aeabi_ui2d
    usart.o(.text) refers to basic.o(x$fpl$basic) for __aeabi_dneg
    usart.o(.text) refers to usart.o(.data) for Uart2Data
    stm32f4xx_it.o(.text) refers to os_cpu_a.o(.text) for OS_CPU_SR_Save
    stm32f4xx_it.o(.text) refers to can.o(.text) for CAN_RxMsg
    stm32f4xx_it.o(.text) refers to update.o(.text) for Set_Vel
    stm32f4xx_it.o(.text) refers to stm32f4xx_can.o(.text) for CAN_ClearFlag
    stm32f4xx_it.o(.text) refers to os_core.o(.text) for OSIntExit
    stm32f4xx_it.o(.text) refers to stm32f4xx_tim.o(.text) for TIM_GetITStatus
    stm32f4xx_it.o(.text) refers to os_sem.o(.text) for OSSemPost
    stm32f4xx_it.o(.text) refers to elmo.o(.text) for ReadActualVel
    stm32f4xx_it.o(.text) refers to stm32f4xx_usart.o(.text) for USART_GetITStatus
    stm32f4xx_it.o(.text) refers to os_core.o(.data) for OSIntNesting
    stm32f4xx_it.o(.text) refers to stm32f4xx_it.o(.data) for buffer
    stm32f4xx_it.o(.text) refers to task.o(.data) for PeriodSem
    stm32f4xx_it.o(.text) refers to stm32f4xx_it.o(.bss) for posture
    elmo.o(.text) refers to can.o(.text) for CAN_TxMsg
    elmo.o(.text) refers to stm32f4xx_can.o(.text) for CAN_Transmit
    elmo.o(.text) refers to rt_memcpy_w.o(.text) for __aeabi_memcpy4
    elmo.o(.text) refers to elmo.o(.constdata) for .constdata
    can.o(.text) refers to stm32f4xx_rcc.o(.text) for RCC_APB1PeriphClockCmd
    can.o(.text) refers to stm32f4xx_gpio.o(.text) for GPIO_PinAFConfig
    can.o(.text) refers to stm32f4xx_can.o(.text) for CAN_DeInit
    can.o(.text) refers to misc.o(.text) for NVIC_Init
    can.o(.text) refers to can.o(.data) for txdata
    task.o(.text) refers to os_sem.o(.text) for OSSemPend
    task.o(.text) refers to coordsconversion.o(.text) for CoordsConversion
    task.o(.text) refers to misc.o(.text) for NVIC_PriorityGroupConfig
    task.o(.text) refers to can.o(.text) for CAN_Config
    task.o(.text) refers to elmoinit.o(.text) for ElmoInit
    task.o(.text) refers to timer.o(.text) for TIM_Delayms
    task.o(.text) refers to usart.o(.text) for GYRO_USART3_Init
    task.o(.text) refers to fpidvalset.o(.text) for FPIDValSet
    task.o(.text) refers to os_task.o(.text) for OSTaskSuspend
    task.o(.text) refers to task.o(.data) for CalculateSem
    task.o(.text) refers to task.o(.bss) for fpid_gather
    update.o(.text) refers to update.o(.data) for Pos_x
    update.o(.text) refers to update.o(.bss) for Vel
    elmoinit.o(.text) refers to elmo.o(.text) for elmo_Init
    actionmath.o(.text) refers to ddiv.o(x$fpl$ddiv) for __aeabi_ddiv
    actionmath.o(.text) refers to dmul.o(x$fpl$dmul) for __aeabi_dmul
    actionmath.o(.text) refers to sin.o(i.__hardfp_sin) for __hardfp_sin
    actionmath.o(.text) refers to cos.o(i.__hardfp_cos) for __hardfp_cos
    actionmath.o(.text) refers to tan.o(i.__hardfp_tan) for __hardfp_tan
    actionmath.o(.text) refers to drleqf.o(x$fpl$drleqf) for __aeabi_cdrcmple
    actionmath.o(.text) refers to dleqf.o(x$fpl$dleqf) for __aeabi_cdcmple
    actionmath.o(.text) refers to acos.o(i.__hardfp_acos) for __hardfp_acos
    actionmath.o(.text) refers to asin.o(i.__hardfp_asin) for __hardfp_asin
    actionmath.o(.text) refers to f2d.o(x$fpl$f2d) for __aeabi_f2d
    actionmath.o(.text) refers to dfix.o(x$fpl$dfix) for __aeabi_d2iz
    actionmath.o(.text) refers to update.o(.text) for Get_POS_Xtemp
[...]
    __rt_entry_postsh_1                      0x0800020f   Thumb Code     0  __rtentry2.o(.ARM.Collect$$rtentry$$00000009)
    __rt_entry_main                          0x08000213   Thumb Code     0  __rtentry2.o(.ARM.Collect$$rtentry$$0000000D)
    __rt_entry_postli_1                      0x08000213   Thumb Code     0  __rtentry2.o(.ARM.Collect$$rtentry$$0000000C)
    __rt_exit                                0x0800021b   Thumb Code     0  rtexit.o(.ARM.Collect$$rtexit$$00000000)
    __rt_exit_ls                             0x0800021d   Thumb Code     0  rtexit2.o(.ARM.Collect$$rtexit$$00000003)
    __rt_exit_prels_1                        0x0800021d   Thumb Code     0  rtexit2.o(.ARM.Collect$$rtexit$$00000002)
    __rt_exit_exit                           0x08000221   Thumb Code     0  rtexit2.o(.ARM.Collect$$rtexit$$00000004)
    main                                     0x08000251   Thumb Code    58  main.o(.text)
    wait                                     0x0800029d   Thumb Code    10  timer.o(.text)
    TIM_Init                                 0x080002a7   Thumb Code   440  timer.o(.text)
    TIM_Delayus                              0x0800045f   Thumb Code   422  timer.o(.text)
    TIM_Delay100us                           0x08000605   Thumb Code   466  timer.o(.text)
    TIM_Delayms                              0x080007d7   Thumb Code    28  timer.o(.text)
    TIM3_DuctedFan_Init                      0x080007f3   Thumb Code   158  timer.o(.text)
    Extra_DuctedFan_Init                     0x08000891   Thumb Code   164  timer.o(.text)
    TIM4_ROBS_Init                           0x08000935   Thumb Code   150  timer.o(.text)
    WindCtr                                  0x080009cb   Thumb Code    62  timer.o(.text)
    GYRO_USART3_Init                         0x08000a25   Thumb Code   182  usart.o(.text)
    UART1_SendString                         0x08000adb   Thumb Code    24  usart.o(.text)
    UART1_SendChar                           0x08000af3   Thumb Code   260  usart.o(.text)
    UART2_SendString                         0x08000bf7   Thumb Code    24  usart.o(.text)
    UART2_SendChar                           0x08000c0f   Thumb Code   260  usart.o(.text)
    UART3_SendString                         0x08000d13   Thumb Code    24  usart.o(.text)
    UART3_SendChar                           0x08000d2b   Thumb Code   422  usart.o(.text)
    UART3SendGyro                            0x08000ed1   Thumb Code   376  usart.o(.text)
    UART1double                              0x08001049   Thumb Code   376  usart.o(.text)
    GetUSART2_ReceiveData                    0x080011c1   Thumb Code     6  usart.o(.text)
    SetUSART2_ReceiveData                    0x080011c7   Thumb Code     6  usart.o(.text)
    itoa                                     0x080011cd   Thumb Code    98  usart.o(.text)
    USART_OUT                                0x0800122f   Thumb Code   302  usart.o(.text)
    CAN1_RX0_IRQHandler                      0x0800135d   Thumb Code   300  stm32f4xx_it.o(.text)
    TIM2_IRQHandler                          0x08001489   Thumb Code    78  stm32f4xx_it.o(.text)
    TIM1_UP_TIM10_IRQHandler                 0x080014d7   Thumb Code    50  stm32f4xx_it.o(.text)
    TIM8_UP_TIM13_IRQHandler                 0x08001509   Thumb Code    50  stm32f4xx_it.o(.text)
    TIM5_IRQHandler                          0x0800153b   Thumb Code    50  stm32f4xx_it.o(.text)
    TIM3_IRQHandler                          0x0800156d   Thumb Code    50  stm32f4xx_it.o(.text)
    TIM4_IRQHandler                          0x0800159f   Thumb Code    50  stm32f4xx_it.o(.text)
    USART3_IRQHandler                        0x080015d1   Thumb Code   344  stm32f4xx_it.o(.text)
    USART1_IRQHandler                        0x08001729   Thumb Code   160  stm32f4xx_it.o(.text)
    UART4_IRQHandler                         0x080017c9   Thumb Code    54  stm32f4xx_it.o(.text)
    UART5_IRQHandler                         0x080017ff   Thumb Code    54  stm32f4xx_it.o(.text)
    NMI_Handler                              0x08001835   Thumb Code     4  stm32f4xx_it.o(.text)
    HardFault_Handler                        0x08001839   Thumb Code     4  stm32f4xx_it.o(.text)
    MemManage_Handler                        0x0800183d   Thumb Code     4  stm32f4xx_it.o(.text)
    BusFault_Handler                         0x08001841   Thumb Code     4  stm32f4xx_it.o(.text)
    UsageFault_Handler                       0x08001845   Thumb Code     4  stm32f4xx_it.o(.text)
    SVC_Handler                              0x08001849   Thumb Code     2  stm32f4xx_it.o(.text)
    DebugMon_Handler                         0x0800184b   Thumb Code     2  stm32f4xx_it.o(.text)
    elmo_Init                                0x08001859   Thumb Code    24  elmo.o(.text)
    elmo_Enable                              0x08001871   Thumb Code   132  elmo.o(.text)
    elmo_Disable                             0x080018f5   Thumb Code   182  elmo.o(.text)
    Vel_cfg                                  0x080019ab   Thumb Code   204  elmo.o(.text)
    VelCrl                                   0x08001a77   Thumb Code   186  elmo.o(.text)
    Pos_cfg                                  0x08001b31   Thumb Code   230  elmo.o(.text)
    PosCrl                                   0x08001c17   Thumb Code   222  elmo.o(.text)
    ReadActualCurrent                        0x08001cf5   Thumb Code   130  elmo.o(.text)
    ReadActualPos                            0x08001d77   Thumb Code   132  elmo.o(.text)
    ReadActualVel                            0x08001dfb   Thumb Code   132  elmo.o(.text)
    CAN_Config                               0x08001e89   Thumb Code   936  can.o(.text)
    CAN_TxMsg                                0x08002231   Thumb Code    88  can.o(.text)
    CAN_RxMsg                                0x08002289   Thumb Code    72  can.o(.text)
    SendToEco                                0x080022d1   Thumb Code    88  can.o(.text)
    App_Task                                 0x0800242d   Thumb Code    68  task.o(.text)
    Set_POS_X                                0x080024d5   Thumb Code     8  update.o(.text)
    Get_POS_X                                0x080024dd   Thumb Code     8  update.o(.text)
    Set_POS_Y                                0x080024e5   Thumb Code     8  update.o(.text)
    Get_POS_Y                                0x080024ed   Thumb Code     8  update.o(.text)
    Set_Angle                                0x080024f5   Thumb Code     8  update.o(.text)
    Get_Angle                                0x080024fd   Thumb Code     8  update.o(.text)
    Set_Original_POS_X                       0x08002505   Thumb Code     8  update.o(.text)
    Get_Original_POS_X                       0x0800250d   Thumb Code     8  update.o(.text)
    Set_Original_POS_Y                       0x08002515   Thumb Code     8  update.o(.text)
    Get_Original_POS_Y                       0x0800251d   Thumb Code     8  update.o(.text)
    Set_Original_Angle                       0x08002525   Thumb Code     8  update.o(.text)
    Get_Original_Angle                       0x0800252d   Thumb Code     8  update.o(.text)
    Set_POS_Xtemp                            0x08002535   Thumb Code     8  update.o(.text)
    Get_POS_Xtemp                            0x0800253d   Thumb Code     8  update.o(.text)
    Set_POS_Ytemp                            0x08002545   Thumb Code     8  update.o(.text)
    Get_POS_Ytemp                            0x0800254d   Thumb Code     8  update.o(.text)
    Set_Vel                                  0x08002555   Thumb Code     8  update.o(.text)
    Get_Vel                                  0x0800255d   Thumb Code    10  update.o(.text)
    Set_ActVel_X                             0x08002567   Thumb Code     6  update.o(.text)
    Get_ActVel_X                             0x0800256d   Thumb Code     6  update.o(.text)
    Set_ActVel_Y                             0x08002573   Thumb Code     6  update.o(.text)
    Get_ActVel_Y                             0x08002579   Thumb Code     6  update.o(.text)
    xyTempUpdate                             0x0800257f   Thumb Code    28  update.o(.text)
    SetActualVel                             0x0800259b   Thumb Code   116  update.o(.text)
    ElmoInit                                 0x08002645   Thumb Code    56  elmoinit.o(.text)
    Sin                                      0x0800267d   Thumb Code    68  actionmath.o(.text)
    Cos                                      0x080026c1   Thumb Code    68  actionmath.o(.text)
    Tan                                      0x08002705   Thumb Code    68  actionmath.o(.text)
    Acos                                     0x08002749   Thumb Code   120  actionmath.o(.text)
    Asin                                     0x080027c1   Thumb Code   120  actionmath.o(.text)
    VelTransform                             0x08002839   Thumb Code    74  actionmath.o(.text)
    get_origin_x                             0x08002883   Thumb Code   114  actionmath.o(.text)
    get_origin_y                             0x080028f5   Thumb Code   114  actionmath.o(.text)
    get_cos                                  0x08002967   Thumb Code    48  actionmath.o(.text)
    get_sin                                  0x08002997   Thumb Code    48  actionmath.o(.text)
    CoordsConversion                         0x08002a01   Thumb Code   522  coordsconversion.o(.text)
    FPIDValSet                               0x08002c35   Thumb Code    26  fpidvalset.o(.text)
    SystemInit                               0x08002d2d   Thumb Code    88  system_stm32f4xx.o(.text)
    SystemCoreClockUpdate                    0x08002d85   Thumb Code   174  system_stm32f4xx.o(.text)
    Reset_Handler                            0x08002e61   Thumb Code    18  startup_stm32f4xx.o(.text)
    ADC_IRQHandler                           0x08002e85   Thumb Code     0  startup_stm32f4xx.o(.text)
    CAN1_RX1_IRQHandler                      0x08002e85   Thumb Code     0  startup_stm32f4xx.o(.text)
    CAN1_SCE_IRQHandler                      0x08002e85   Thumb Code     0  startup_stm32f4xx.o(.text)
    CAN1_TX_IRQHandler                       0x08002e85   Thumb Code     0  startup_stm32f4xx.o(.text)
    CAN2_RX0_IRQHandler                      0x08002e85   Thumb Code     0  startup_stm32f4xx.o(.text)
    CAN2_RX1_IRQHandler                      0x08002e85   Thumb Code     0  startup_stm32f4xx.o(.text)
    CAN2_SCE_IRQHandler                      0x08002e85   Thumb Code     0  startup_stm32f4xx.o(.text)
    CAN2_TX_IRQHandler                       0x08002e85   Thumb Code     0  startup_stm32f4xx.o(.text)
    CRYP_IRQHandler                          0x08002e85   Thumb Code     0  startup_stm32f4xx.o(.text)
    DCMI_IRQHandler                          0x08002e85   Thumb Code     0  startup_stm32f4xx.o(.text)
    DMA1_Stream0_IRQHandler                  0x08002e85   Thumb Code     0  startup_stm32f4xx.o(.text)
    DMA1_Stream1_IRQHandler                  0x08002e85   Thumb Code     0  startup_stm32f4xx.o(.text)
    DMA1_Stream2_IRQHandler                  0x08002e85   Thumb Code     0  startup_stm32f4xx.o(.text)
    DMA1_Stream3_IRQHandler                  0x08002e85   Thumb Code     0  startup_stm32f4xx.o(.text)
    DMA1_Stream4_IRQHandler                  0x08002e85   Thumb Code     0  startup_stm32f4xx.o(.text)
    DMA1_Stream5_IRQHandler                  0x08002e85   Thumb Code     0  startup_stm32f4xx.o(.text)
    DMA1_Stream6_IRQHandler                  0x08002e85   Thumb Code     0  startup_stm32f4xx.o(.text)
    DMA1_Stream7_IRQHandler                  0x08002e85   Thumb Code     0  startup_stm32f4xx.o(.text)
    DMA2_Stream0_IRQHandler                  0x08002e85   Thumb Code     0  startup_stm32f4xx.o(.text)
    DMA2_Stream1_IRQHandler                  0x08002e85   Thumb Code     0  startup_stm32f4xx.o(.text)
    DMA2_Stream2_IRQHandler                  0x08002e85   Thumb Code     0  startup_stm32f4xx.o(.text)
    DMA2_Stream3_IRQHandler                  0x08002e85   Thumb Code     0  startup_stm32f4xx.o(.text)
    DMA2_Stream4_IRQHandler                  0x08002e85   Thumb Code     0  startup_stm32f4xx.o(.text)
    DMA2_Stream5_IRQHandler                  0x08002e85   Thumb Code     0  startup_stm32f4xx.o(.text)
    DMA2_Stream6_IRQHandler                  0x08002e85   Thumb Code     0  startup_stm32f4xx.o(.text)
    DMA2_Stream7_IRQHandler                  0x08002e85   Thumb Code     0  startup_stm32f4xx.o(.text)
    ETH_IRQHandler                           0x08002e85   Thumb Code     0  startup_stm32f4xx.o(.text)
    ETH_WKUP_IRQHandler                      0x08002e85   Thumb Code     0  startup_stm32f4xx.o(.text)
    EXTI0_IRQHandler                         0x08002e85   Thumb Code     0  startup_stm32f4xx.o(.text)
    EXTI15_10_IRQHandler                     0x08002e85   Thumb Code     0  startup_stm32f4xx.o(.text)
    EXTI1_IRQHandler                         0x08002e85   Thumb Code     0  startup_stm32f4xx.o(.text)
    EXTI2_IRQHandler                         0x08002e85   Thumb Code     0  startup_stm32f4xx.o(.text)
    EXTI3_IRQHandler                         0x08002e85   Thumb Code     0  startup_stm32f4xx.o(.text)
    EXTI4_IRQHandler                         0x08002e85   Thumb Code     0  startup_stm32f4xx.o(.text)
    EXTI9_5_IRQHandler                       0x08002e85   Thumb Code     0  startup_stm32f4xx.o(.text)
    FLASH_IRQHandler                         0x08002e85   Thumb Code     0  startup_stm32f4xx.o(.text)
    FPU_IRQHandler                           0x08002e85   Thumb Code     0  startup_stm32f4xx.o(.text)
    FSMC_IRQHandler                          0x08002e85   Thumb Code     0  startup_stm32f4xx.o(.text)
    HASH_RNG_IRQHandler                      0x08002e85   Thumb Code     0  startup_stm32f4xx.o(.text)
    I2C1_ER_IRQHandler                       0x08002e85   Thumb Code     0  startup_stm32f4xx.o(.text)
    I2C1_EV_IRQHandler                       0x08002e85   Thumb Code     0  startup_stm32f4xx.o(.text)
    I2C2_ER_IRQHandler                       0x08002e85   Thumb Code     0  startup_stm32f4xx.o(.text)
    I2C2_EV_IRQHandler                       0x08002e85   Thumb Code     0  startup_stm32f4xx.o(.text)
    I2C3_ER_IRQHandler                       0x08002e85   Thumb Code     0  startup_stm32f4xx.o(.text)
    I2C3_EV_IRQHandler                       0x08002e85   Thumb Code     0  startup_stm32f4xx.o(.text)
    OTG_FS_IRQHandler                        0x08002e85   Thumb Code     0  startup_stm32f4xx.o(.text)
    OTG_FS_WKUP_IRQHandler                   0x08002e85   Thumb Code     0  startup_stm32f4xx.o(.text)
    OTG_HS_EP1_IN_IRQHandler                 0x08002e85   Thumb Code     0  startup_stm32f4xx.o(.text)
    OTG_HS_EP1_OUT_IRQHandler                0x08002e85   Thumb Code     0  startup_stm32f4xx.o(.text)
    OTG_HS_IRQHandler                        0x08002e85   Thumb Code     0  startup_stm32f4xx.o(.text)
    OTG_HS_WKUP_IRQHandler                   0x08002e85   Thumb Code     0  startup_stm32f4xx.o(.text)
    PVD_IRQHandler                           0x08002e85   Thumb Code     0  startup_stm32f4xx.o(.text)
    RCC_IRQHandler                           0x08002e85   Thumb Code     0  startup_stm32f4xx.o(.text)
    RTC_Alarm_IRQHandler                     0x08002e85   Thumb Code     0  startup_stm32f4xx.o(.text)
    RTC_WKUP_IRQHandler                      0x08002e85   Thumb Code     0  startup_stm32f4xx.o(.text)
    SDIO_IRQHandler                          0x08002e85   Thumb Code     0  startup_stm32f4xx.o(.text)
    SPI1_IRQHandler                          0x08002e85   Thumb Code     0  startup_stm32f4xx.o(.text)
    SPI2_IRQHandler                          0x08002e85   Thumb Code     0  startup_stm32f4xx.o(.text)
    SPI3_IRQHandler                          0x08002e85   Thumb Code     0  startup_stm32f4xx.o(.text)
    TAMP_STAMP_IRQHandler                    0x08002e85   Thumb Code     0  startup_stm32f4xx.o(.text)
    TIM1_BRK_TIM9_IRQHandler                 0x08002e85   Thumb Code     0  startup_stm32f4xx.o(.text)
    TIM1_CC_IRQHandler                       0x08002e85   Thumb Code     0  startup_stm32f4xx.o(.text)
    TIM1_TRG_COM_TIM11_IRQHandler            0x08002e85   Thumb Code     0  startup_stm32f4xx.o(.text)
    TIM6_DAC_IRQHandler                      0x08002e85   Thumb Code     0  startup_stm32f4xx.o(.text)
    TIM7_IRQHandler                          0x08002e85   Thumb Code     0  startup_stm32f4xx.o(.text)
    TIM8_BRK_TIM12_IRQHandler                0x08002e85   Thumb Code     0  startup_stm32f4xx.o(.text)
    TIM8_CC_IRQHandler                       0x08002e85   Thumb Code     0  startup_stm32f4xx.o(.text)
    TIM8_TRG_COM_TIM14_IRQHandler            0x08002e85   Thumb Code     0  startup_stm32f4xx.o(.text)
    USART2_IRQHandler                        0x08002e85   Thumb Code     0  startup_stm32f4xx.o(.text)
    USART6_IRQHandler                        0x08002e85   Thumb Code     0  startup_stm32f4xx.o(.text)
    WWDG_IRQHandler                          0x08002e85   Thumb Code     0  startup_stm32f4xx.o(.text)
    __user_initial_stackheap                 0x08002e89   Thumb Code     0  startup_stm32f4xx.o(.text)
    OSInitHookBegin                          0x08002eb1   Thumb Code    40  os_cpu_c.o(.text)
    OSInitHookEnd                            0x08002ed9   Thumb Code     2  os_cpu_c.o(.text)
    OSTaskCreateHook                         0x08002edb   Thumb Code    12  os_cpu_c.o(.text)
    OSTaskDelHook                            0x08002ee7   Thumb Code    12  os_cpu_c.o(.text)
    OSTaskIdleHook                           0x08002ef3   Thumb Code     8  os_cpu_c.o(.text)
    OSTaskStatHook                           0x08002efb   Thumb Code     8  os_cpu_c.o(.text)
    OSTaskStkInit                            0x08002f03   Thumb Code   486  os_cpu_c.o(.text)
    OSTaskSwHook                             0x080030e9   Thumb Code     8  os_cpu_c.o(.text)
    OSTCBInitHook                            0x080030f1   Thumb Code    12  os_cpu_c.o(.text)
    OSTimeTickHook                           0x080030fd   Thumb Code    34  os_cpu_c.o(.text)
    SysTick_Handler                          0x0800311f   Thumb Code    34  os_cpu_c.o(.text)
    OS_CPU_SysTickInit                       0x08003141   Thumb Code    28  os_cpu_c.o(.text)
    OS_CPU_SR_Save                           0x08003179   Thumb Code     0  os_cpu_a.o(.text)
    OS_CPU_SR_Restore                        0x08003181   Thumb Code     0  os_cpu_a.o(.text)
    OSStartHighRdy                           0x08003187   Thumb Code     0  os_cpu_a.o(.text)
    OSCtxSw                                  0x080031a7   Thumb Code     0  os_cpu_a.o(.text)
    OSIntCtxSw                               0x080031b1   Thumb Code     0  os_cpu_a.o(.text)
    PendSV_Handler                           0x080031bb   Thumb Code     0  os_cpu_a.o(.text)
    CPU_IntDis                               0x08003209   Thumb Code     0  os_cpu_a.o(.text)
    CPU_IntEn                                0x0800320d   Thumb Code     0  os_cpu_a.o(.text)
    OSDebugInit                              0x08003231   Thumb Code   118  os_dbg.o(.text)
    OS_StrLen                                0x0800338d   Thumb Code    20  os_core.o(.text)
    OSEventNameGet                           0x080033a1   Thumb Code   118  os_core.o(.text)
    OSEventNameSet                           0x08003417   Thumb Code   100  os_core.o(.text)
    OS_EventTaskRemoveMulti                  0x0800347b   Thumb Code    58  os_core.o(.text)
    OS_Sched                                 0x080034cf   Thumb Code    88  os_core.o(.text)
    OS_EventTaskWaitMulti                    0x08003527   Thumb Code   136  os_core.o(.text)
    OSEventPendMulti                         0x080035af   Thumb Code   760  os_core.o(.text)
    OS_TaskStatStkChk                        0x080038a7   Thumb Code    54  os_core.o(.text)
    OS_TaskStat                              0x080038dd   Thumb Code   116  os_core.o(.text)
    OS_TaskIdle                              0x08003985   Thumb Code    34  os_core.o(.text)
    OS_MemClr                                0x080039db   Thumb Code    18  os_core.o(.text)
    OSInit                                   0x08003b03   Thumb Code    56  os_core.o(.text)
    OSIntEnter                               0x08003b3b   Thumb Code    28  os_core.o(.text)
    OSIntExit                                0x08003b57   Thumb Code   258  os_core.o(.text)
    OSSchedLock                              0x08003c59   Thumb Code    50  os_core.o(.text)
    OSSchedUnlock                            0x08003c8b   Thumb Code    82  os_core.o(.text)
    OSStart                                  0x08003cdd   Thumb Code    48  os_core.o(.text)
    OSStatInit                               0x08003d0d   Thumb Code    62  os_core.o(.text)
    OSTimeTick                               0x08003d4b   Thumb Code   210  os_core.o(.text)
    OSVersion                                0x08003e1d   Thumb Code     6  os_core.o(.text)
    OS_Dummy                                 0x08003e23   Thumb Code     2  os_core.o(.text)
    OS_EventTaskRemove                       0x08003e25   Thumb Code    42  os_core.o(.text)
    OS_EventTaskRdy                          0x08003e4f   Thumb Code   128  os_core.o(.text)
    OS_EventTaskWait                         0x08003ecf   Thumb Code   112  os_core.o(.text)
    OS_EventWaitListInit                     0x08003f3f   Thumb Code    28  os_core.o(.text)
    OS_MemCopy                               0x08003f5b   Thumb Code    20  os_core.o(.text)
    OS_TCBInit                               0x08003f6f   Thumb Code   358  os_core.o(.text)
    OSFlagAccept                             0x080040dd   Thumb Code   262  os_flag.o(.text)
    OSFlagCreate                             0x080041e3   Thumb Code    86  os_flag.o(.text)
    OS_FlagUnlink                            0x08004239   Thumb Code    36  os_flag.o(.text)
    OSFlagDel                                0x080042af   Thumb Code   224  os_flag.o(.text)
    OSFlagNameGet                            0x0800438f   Thumb Code   100  os_flag.o(.text)
    OSFlagNameSet                            0x080043f3   Thumb Code    82  os_flag.o(.text)
    OSFlagPend                               0x080044dd   Thumb Code   626  os_flag.o(.text)
    OSFlagPendGetFlagsRdy                    0x0800474f   Thumb Code    26  os_flag.o(.text)
    OSFlagPost                               0x08004769   Thumb Code   322  os_flag.o(.text)
    OSFlagQuery                              0x080048ab   Thumb Code    58  os_flag.o(.text)
    OS_FlagInit                              0x080048e5   Thumb Code    78  os_flag.o(.text)
    OSMemCreate                              0x08004941   Thumb Code   164  os_mem.o(.text)
    OSMemGet                                 0x080049e5   Thumb Code    72  os_mem.o(.text)
    OSMemNameGet                             0x08004a2d   Thumb Code    80  os_mem.o(.text)
    OSMemNameSet                             0x08004a7d   Thumb Code    64  os_mem.o(.text)
    OSMemPut                                 0x08004abd   Thumb Code    66  os_mem.o(.text)
    OSMemQuery                               0x08004aff   Thumb Code    64  os_mem.o(.text)
    OS_MemInit                               0x08004b3f   Thumb Code    74  os_mem.o(.text)
    OSQAccept                                0x08004b99   Thumb Code    98  os_q.o(.text)
    OSQCreate                                0x08004bfb   Thumb Code   144  os_q.o(.text)
    OSQDel                                   0x08004c8b   Thumb Code   254  os_q.o(.text)
    OSQFlush                                 0x08004d89   Thumb Code    52  os_q.o(.text)
    OSQPend                                  0x08004dbd   Thumb Code   288  os_q.o(.text)
    OSQPendAbort                             0x08004edd   Thumb Code   138  os_q.o(.text)
    OSQPost                                  0x08004f67   Thumb Code   120  os_q.o(.text)
    OSQPostFront                             0x08004fdf   Thumb Code   146  os_q.o(.text)
    OSQPostOpt                               0x08005071   Thumb Code   188  os_q.o(.text)
    OSQQuery                                 0x0800512d   Thumb Code   110  os_q.o(.text)
    OS_QInit                                 0x0800519b   Thumb Code    72  os_q.o(.text)
    OSSemAccept                              0x080051ed   Thumb Code    48  os_sem.o(.text)
    OSSemCreate                              0x0800521d   Thumb Code    72  os_sem.o(.text)
    OSSemDel                                 0x08005265   Thumb Code   220  os_sem.o(.text)
    OSSemPend                                0x08005341   Thumb Code   236  os_sem.o(.text)
    OSSemPendAbort                           0x0800542d   Thumb Code   138  os_sem.o(.text)
    OSSemPost                                0x080054b7   Thumb Code    94  os_sem.o(.text)
    OSSemQuery                               0x08005515   Thumb Code    88  os_sem.o(.text)
    OSSemSet                                 0x0800556d   Thumb Code    74  os_sem.o(.text)
    OSTaskChangePrio                         0x080055cd   Thumb Code   418  os_task.o(.text)
    OSTaskCreate                             0x0800576f   Thumb Code   156  os_task.o(.text)
    OS_TaskStkClr                            0x0800580b   Thumb Code    26  os_task.o(.text)
    OSTaskCreateExt                          0x08005825   Thumb Code   178  os_task.o(.text)
    OSTaskDel                                0x080058d7   Thumb Code   354  os_task.o(.text)
    OSTaskDelReq                             0x08005a39   Thumb Code   112  os_task.o(.text)
    OSTaskNameGet                            0x08005aa9   Thumb Code   140  os_task.o(.text)
    OSTaskNameSet                            0x08005b35   Thumb Code   120  os_task.o(.text)
    OSTaskResume                             0x08005bad   Thumb Code   162  os_task.o(.text)
    OSTaskStkChk                             0x08005c4f   Thumb Code   150  os_task.o(.text)
    OSTaskSuspend                            0x08005ce5   Thumb Code   172  os_task.o(.text)
    OSTaskQuery                              0x08005d91   Thumb Code   132  os_task.o(.text)
    OSTaskRegGet                             0x08005e15   Thumb Code    86  os_task.o(.text)
    OSTaskRegSet                             0x08005e6b   Thumb Code    84  os_task.o(.text)
    OS_TaskReturn                            0x08005ebf   Thumb Code    18  os_task.o(.text)
    OSTimeDly                                0x08005ed9   Thumb Code   100  os_time.o(.text)
    OSTimeDlyHMSM                            0x08005f3d   Thumb Code   124  os_time.o(.text)
    OSTimeDlyResume                          0x08005fb9   Thumb Code   168  os_time.o(.text)
    OSTimeGet                                0x08006061   Thumb Code    24  os_time.o(.text)
    OSTimeSet                                0x08006079   Thumb Code    24  os_time.o(.text)
    OSTmrCreate                              0x080060df   Thumb Code   142  os_tmr.o(.text)
    OSTmrDel                                 0x080061e5   Thumb Code   134  os_tmr.o(.text)
    OSTmrNameGet                             0x0800626b   Thumb Code   134  os_tmr.o(.text)
    OSTmrRemainGet                           0x080062f1   Thumb Code   172  os_tmr.o(.text)
    OSTmrStateGet                            0x0800639d   Thumb Code    96  os_tmr.o(.text)
    OSTmrStart                               0x08006461   Thumb Code   166  os_tmr.o(.text)
    OSTmrStop                                0x08006507   Thumb Code   190  os_tmr.o(.text)
    OSTmrSignal                              0x080065c5   Thumb Code    16  os_tmr.o(.text)
    OSTmr_Init                               0x08006679   Thumb Code   172  os_tmr.o(.text)
    OSTaskReturnHook                         0x0800678d   Thumb Code     2  os_apphooks.o(.text)
    App_TaskCreateHook                       0x0800678f   Thumb Code     2  os_apphooks.o(.text)
    App_TaskDelHook                          0x08006791   Thumb Code     2  os_apphooks.o(.text)
    App_TaskIdleHook                         0x08006793   Thumb Code     2  os_apphooks.o(.text)
    App_TaskReturnHook                       0x08006795   Thumb Code     2  os_apphooks.o(.text)
    App_TaskStatHook                         0x08006797   Thumb Code     2  os_apphooks.o(.text)
    App_TaskSwHook                           0x08006799   Thumb Code     2  os_apphooks.o(.text)
    App_TCBInitHook                          0x0800679b   Thumb Code     2  os_apphooks.o(.text)
    App_TimeTickHook                         0x0800679d   Thumb Code     2  os_apphooks.o(.text)
    GPIO_DeInit                              0x080067a1   Thumb Code   220  stm32f4xx_gpio.o(.text)
    GPIO_Init                                0x0800687d   Thumb Code   144  stm32f4xx_gpio.o(.text)
    GPIO_StructInit                          0x0800690d   Thumb Code    18  stm32f4xx_gpio.o(.text)
    GPIO_PinLockConfig                       0x0800691f   Thumb Code    34  stm32f4xx_gpio.o(.text)
    GPIO_ReadInputDataBit                    0x08006941   Thumb Code    18  stm32f4xx_gpio.o(.text)
    GPIO_ReadInputData                       0x08006953   Thumb Code     8  stm32f4xx_gpio.o(.text)
    GPIO_ReadOutputDataBit                   0x0800695b   Thumb Code    18  stm32f4xx_gpio.o(.text)
    GPIO_ReadOutputData                      0x0800696d   Thumb Code     8  stm32f4xx_gpio.o(.text)
    GPIO_SetBits                             0x08006975   Thumb Code     4  stm32f4xx_gpio.o(.text)
    GPIO_ResetBits                           0x08006979   Thumb Code     4  stm32f4xx_gpio.o(.text)
    GPIO_WriteBit                            0x0800697d   Thumb Code    10  stm32f4xx_gpio.o(.text)
    GPIO_Write                               0x08006987   Thumb Code     4  stm32f4xx_gpio.o(.text)
    GPIO_ToggleBits                          0x0800698b   Thumb Code     8  stm32f4xx_gpio.o(.text)
    GPIO_PinAFConfig                         0x08006993   Thumb Code    70  stm32f4xx_gpio.o(.text)
    RCC_DeInit                               0x080069fd   Thumb Code    60  stm32f4xx_rcc.o(.text)
    RCC_HSEConfig                            0x08006a39   Thumb Code    14  stm32f4xx_rcc.o(.text)
    RCC_GetFlagStatus                        0x08006a47   Thumb Code    60  stm32f4xx_rcc.o(.text)
    RCC_WaitForHSEStartUp                    0x08006a83   Thumb Code    56  stm32f4xx_rcc.o(.text)
    RCC_AdjustHSICalibrationValue            0x08006abb   Thumb Code    20  stm32f4xx_rcc.o(.text)
    RCC_HSICmd                               0x08006acf   Thumb Code     6  stm32f4xx_rcc.o(.text)
    RCC_LSEConfig                            0x08006ad5   Thumb Code    46  stm32f4xx_rcc.o(.text)
    RCC_LSICmd                               0x08006b03   Thumb Code     6  stm32f4xx_rcc.o(.text)
    RCC_PLLConfig                            0x08006b09   Thumb Code    32  stm32f4xx_rcc.o(.text)
    RCC_PLLCmd                               0x08006b29   Thumb Code     6  stm32f4xx_rcc.o(.text)
    RCC_PLLI2SConfig                         0x08006b2f   Thumb Code    14  stm32f4xx_rcc.o(.text)
    RCC_PLLI2SCmd                            0x08006b3d   Thumb Code     6  stm32f4xx_rcc.o(.text)
    RCC_ClockSecuritySystemCmd               0x08006b43   Thumb Code     6  stm32f4xx_rcc.o(.text)
    RCC_MCO1Config                           0x08006b49   Thumb Code    28  stm32f4xx_rcc.o(.text)
    RCC_MCO2Config                           0x08006b65   Thumb Code    28  stm32f4xx_rcc.o(.text)
    RCC_SYSCLKConfig                         0x08006b81   Thumb Code    20  stm32f4xx_rcc.o(.text)
    RCC_GetSYSCLKSource                      0x08006b95   Thumb Code    12  stm32f4xx_rcc.o(.text)
    RCC_HCLKConfig                           0x08006ba1   Thumb Code    20  stm32f4xx_rcc.o(.text)
    RCC_PCLK1Config                          0x08006bb5   Thumb Code    20  stm32f4xx_rcc.o(.text)
    RCC_PCLK2Config                          0x08006bc9   Thumb Code    22  stm32f4xx_rcc.o(.text)
    RCC_GetClocksFreq                        0x08006bdf   Thumb Code   222  stm32f4xx_rcc.o(.text)
    RCC_RTCCLKConfig                         0x08006cbd   Thumb Code    54  stm32f4xx_rcc.o(.text)
    RCC_RTCCLKCmd                            0x08006cf3   Thumb Code     8  stm32f4xx_rcc.o(.text)
    RCC_BackupResetCmd                       0x08006cfb   Thumb Code     8  stm32f4xx_rcc.o(.text)
    RCC_I2SCLKConfig                         0x08006d03   Thumb Code     6  stm32f4xx_rcc.o(.text)
    RCC_AHB1PeriphClockCmd                   0x08006d09   Thumb Code    34  stm32f4xx_rcc.o(.text)
    RCC_AHB2PeriphClockCmd                   0x08006d2b   Thumb Code    34  stm32f4xx_rcc.o(.text)
    RCC_AHB3PeriphClockCmd                   0x08006d4d   Thumb Code    34  stm32f4xx_rcc.o(.text)
    RCC_APB1PeriphClockCmd                   0x08006d6f   Thumb Code    34  stm32f4xx_rcc.o(.text)
    RCC_APB2PeriphClockCmd                   0x08006d91   Thumb Code    34  stm32f4xx_rcc.o(.text)
    RCC_AHB1PeriphResetCmd                   0x08006db3   Thumb Code    34  stm32f4xx_rcc.o(.text)
    RCC_AHB2PeriphResetCmd                   0x08006dd5   Thumb Code    72  stm32f4xx_rcc.o(.text)
    RCC_AHB3PeriphResetCmd                   0x08006e1d   Thumb Code    34  stm32f4xx_rcc.o(.text)
    RCC_APB1PeriphResetCmd                   0x08006e3f   Thumb Code    34  stm32f4xx_rcc.o(.text)
    RCC_APB2PeriphResetCmd                   0x08006e61   Thumb Code    34  stm32f4xx_rcc.o(.text)
    RCC_AHB1PeriphClockLPModeCmd             0x08006e83   Thumb Code    34  stm32f4xx_rcc.o(.text)
    RCC_AHB2PeriphClockLPModeCmd             0x08006ea5   Thumb Code    34  stm32f4xx_rcc.o(.text)
    RCC_AHB3PeriphClockLPModeCmd             0x08006ec7   Thumb Code    34  stm32f4xx_rcc.o(.text)
    RCC_APB1PeriphClockLPModeCmd             0x08006ee9   Thumb Code    34  stm32f4xx_rcc.o(.text)
    RCC_APB2PeriphClockLPModeCmd             0x08006f0b   Thumb Code    34  stm32f4xx_rcc.o(.text)
    RCC_ITConfig                             0x08006f2d   Thumb Code    34  stm32f4xx_rcc.o(.text)
    RCC_ClearFlag                            0x08006f4f   Thumb Code    18  stm32f4xx_rcc.o(.text)
    RCC_GetITStatus                          0x08006f61   Thumb Code    22  stm32f4xx_rcc.o(.text)
    RCC_ClearITPendingBit                    0x08006f77   Thumb Code     8  stm32f4xx_rcc.o(.text)
    NVIC_PriorityGroupConfig                 0x08006f85   Thumb Code    10  misc.o(.text)
    NVIC_Init                                0x08006f8f   Thumb Code   106  misc.o(.text)
    NVIC_SetVectorTable                      0x08006ff9   Thumb Code    14  misc.o(.text)
    NVIC_SystemLPConfig                      0x08007007   Thumb Code    34  misc.o(.text)
    SysTick_CLKSourceConfig                  0x08007029   Thumb Code    40  misc.o(.text)
    TIM_DeInit                               0x08007065   Thumb Code   346  stm32f4xx_tim.o(.text)
    TIM_TimeBaseInit                         0x080071bf   Thumb Code   104  stm32f4xx_tim.o(.text)
    TIM_TimeBaseStructInit                   0x08007227   Thumb Code    18  stm32f4xx_tim.o(.text)
    TIM_PrescalerConfig                      0x08007239   Thumb Code     6  stm32f4xx_tim.o(.text)
    TIM_CounterModeConfig                    0x0800723f   Thumb Code    18  stm32f4xx_tim.o(.text)
    TIM_SetCounter                           0x08007251   Thumb Code     4  stm32f4xx_tim.o(.text)
    TIM_SetAutoreload                        0x08007255   Thumb Code     4  stm32f4xx_tim.o(.text)
    TIM_GetCounter                           0x08007259   Thumb Code     6  stm32f4xx_tim.o(.text)
    TIM_GetPrescaler                         0x0800725f   Thumb Code     6  stm32f4xx_tim.o(.text)
    TIM_UpdateDisableConfig                  0x08007265   Thumb Code    24  stm32f4xx_tim.o(.text)
    TIM_UpdateRequestConfig                  0x0800727d   Thumb Code    24  stm32f4xx_tim.o(.text)
    TIM_ARRPreloadConfig                     0x08007295   Thumb Code    24  stm32f4xx_tim.o(.text)
    TIM_SelectOnePulseMode                   0x080072ad   Thumb Code    18  stm32f4xx_tim.o(.text)
    TIM_SetClockDivision                     0x080072bf   Thumb Code    18  stm32f4xx_tim.o(.text)
    TIM_Cmd                                  0x080072d1   Thumb Code    24  stm32f4xx_tim.o(.text)
    TIM_OC1Init                              0x080072e9   Thumb Code   114  stm32f4xx_tim.o(.text)
    TIM_OC2Init                              0x0800735b   Thumb Code   154  stm32f4xx_tim.o(.text)
    TIM_OC3Init                              0x080073f5   Thumb Code   204  stm32f4xx_tim.o(.text)
    TIM_OC4Init                              0x080074c1   Thumb Code   112  stm32f4xx_tim.o(.text)
    TIM_OCStructInit                         0x08007531   Thumb Code    20  stm32f4xx_tim.o(.text)
    TIM_SelectOCxM                           0x08007545   Thumb Code    86  stm32f4xx_tim.o(.text)
    TIM_SetCompare1                          0x0800759b   Thumb Code     4  stm32f4xx_tim.o(.text)
    TIM_SetCompare2                          0x0800759f   Thumb Code     4  stm32f4xx_tim.o(.text)
    TIM_SetCompare3                          0x080075a3   Thumb Code     4  stm32f4xx_tim.o(.text)
    TIM_SetCompare4                          0x080075a7   Thumb Code     4  stm32f4xx_tim.o(.text)
    TIM_ForcedOC1Config                      0x080075ab   Thumb Code    18  stm32f4xx_tim.o(.text)
    TIM_ForcedOC2Config                      0x080075bd   Thumb Code    26  stm32f4xx_tim.o(.text)
    TIM_ForcedOC3Config                      0x080075d7   Thumb Code    18  stm32f4xx_tim.o(.text)
    TIM_ForcedOC4Config                      0x080075e9   Thumb Code    26  stm32f4xx_tim.o(.text)
    TIM_OC1PreloadConfig                     0x08007603   Thumb Code    18  stm32f4xx_tim.o(.text)
    TIM_OC2PreloadConfig                     0x08007615   Thumb Code    26  stm32f4xx_tim.o(.text)
    TIM_OC3PreloadConfig                     0x0800762f   Thumb Code    18  stm32f4xx_tim.o(.text)
    TIM_OC4PreloadConfig                     0x08007641   Thumb Code    26  stm32f4xx_tim.o(.text)
    TIM_OC1FastConfig                        0x0800765b   Thumb Code    18  stm32f4xx_tim.o(.text)
    TIM_OC2FastConfig                        0x0800766d   Thumb Code    26  stm32f4xx_tim.o(.text)
    TIM_OC3FastConfig                        0x08007687   Thumb Code    18  stm32f4xx_tim.o(.text)
    TIM_OC4FastConfig                        0x08007699   Thumb Code    26  stm32f4xx_tim.o(.text)
    TIM_ClearOC1Ref                          0x080076b3   Thumb Code    18  stm32f4xx_tim.o(.text)
    TIM_ClearOC2Ref                          0x080076c5   Thumb Code    24  stm32f4xx_tim.o(.text)
    TIM_ClearOC3Ref                          0x080076dd   Thumb Code    18  stm32f4xx_tim.o(.text)
    TIM_ClearOC4Ref                          0x080076ef   Thumb Code    24  stm32f4xx_tim.o(.text)
    TIM_OC1PolarityConfig                    0x08007707   Thumb Code    18  stm32f4xx_tim.o(.text)
    TIM_OC1NPolarityConfig                   0x08007719   Thumb Code    18  stm32f4xx_tim.o(.text)
    TIM_OC2PolarityConfig                    0x0800772b   Thumb Code    26  stm32f4xx_tim.o(.text)
    TIM_OC2NPolarityConfig                   0x08007745   Thumb Code    26  stm32f4xx_tim.o(.text)
    TIM_OC3PolarityConfig                    0x0800775f   Thumb Code    26  stm32f4xx_tim.o(.text)
    TIM_OC3NPolarityConfig                   0x08007779   Thumb Code    26  stm32f4xx_tim.o(.text)
    TIM_OC4PolarityConfig                    0x08007793   Thumb Code    26  stm32f4xx_tim.o(.text)
    TIM_CCxCmd                               0x080077ad   Thumb Code    30  stm32f4xx_tim.o(.text)
    TIM_CCxNCmd                              0x080077cb   Thumb Code    30  stm32f4xx_tim.o(.text)
    TIM_SetIC4Prescaler                      0x080077e9   Thumb Code    26  stm32f4xx_tim.o(.text)
    TIM_SetIC3Prescaler                      0x08007853   Thumb Code    18  stm32f4xx_tim.o(.text)
    TIM_SetIC2Prescaler                      0x080078ad   Thumb Code    26  stm32f4xx_tim.o(.text)
    TIM_SetIC1Prescaler                      0x08007921   Thumb Code    18  stm32f4xx_tim.o(.text)
    TIM_ICInit                               0x0800796d   Thumb Code   110  stm32f4xx_tim.o(.text)
    TIM_ICStructInit                         0x080079db   Thumb Code    18  stm32f4xx_tim.o(.text)
    TIM_PWMIConfig                           0x080079ed   Thumb Code   124  stm32f4xx_tim.o(.text)
    TIM_GetCapture1                          0x08007a69   Thumb Code     6  stm32f4xx_tim.o(.text)
    TIM_GetCapture2                          0x08007a6f   Thumb Code     6  stm32f4xx_tim.o(.text)
    TIM_GetCapture3                          0x08007a75   Thumb Code     6  stm32f4xx_tim.o(.text)
    TIM_GetCapture4                          0x08007a7b   Thumb Code     6  stm32f4xx_tim.o(.text)
    TIM_BDTRConfig                           0x08007a81   Thumb Code    32  stm32f4xx_tim.o(.text)
    TIM_BDTRStructInit                       0x08007aa1   Thumb Code    18  stm32f4xx_tim.o(.text)
    TIM_CtrlPWMOutputs                       0x08007ab3   Thumb Code    30  stm32f4xx_tim.o(.text)
    TIM_SelectCOM                            0x08007ad1   Thumb Code    24  stm32f4xx_tim.o(.text)
    TIM_CCPreloadControl                     0x08007ae9   Thumb Code    24  stm32f4xx_tim.o(.text)
    TIM_ITConfig                             0x08007b01   Thumb Code    18  stm32f4xx_tim.o(.text)
    TIM_GenerateEvent                        0x08007b13   Thumb Code     4  stm32f4xx_tim.o(.text)
    TIM_GetFlagStatus                        0x08007b17   Thumb Code    18  stm32f4xx_tim.o(.text)
    TIM_ClearFlag                            0x08007b29   Thumb Code     6  stm32f4xx_tim.o(.text)
    TIM_GetITStatus                          0x08007b2f   Thumb Code    34  stm32f4xx_tim.o(.text)
    TIM_ClearITPendingBit                    0x08007b51   Thumb Code     6  stm32f4xx_tim.o(.text)
    TIM_DMAConfig                            0x08007b57   Thumb Code    10  stm32f4xx_tim.o(.text)
    TIM_DMACmd                               0x08007b61   Thumb Code    18  stm32f4xx_tim.o(.text)
    TIM_SelectCCDMA                          0x08007b73   Thumb Code    24  stm32f4xx_tim.o(.text)
    TIM_InternalClockConfig                  0x08007b8b   Thumb Code    12  stm32f4xx_tim.o(.text)
    TIM_SelectInputTrigger                   0x08007b97   Thumb Code    18  stm32f4xx_tim.o(.text)
    TIM_ITRxExternalClockConfig              0x08007ba9   Thumb Code    24  stm32f4xx_tim.o(.text)
    TIM_TIxExternalClockConfig               0x08007bc1   Thumb Code    62  stm32f4xx_tim.o(.text)
    TIM_ETRConfig                            0x08007bff   Thumb Code    28  stm32f4xx_tim.o(.text)
    TIM_ETRClockMode1Config                  0x08007c1b   Thumb Code    54  stm32f4xx_tim.o(.text)
    TIM_ETRClockMode2Config                  0x08007c51   Thumb Code    32  stm32f4xx_tim.o(.text)
    TIM_SelectOutputTrigger                  0x08007c71   Thumb Code    18  stm32f4xx_tim.o(.text)
    TIM_SelectSlaveMode                      0x08007c83   Thumb Code    18  stm32f4xx_tim.o(.text)
    TIM_SelectMasterSlaveMode                0x08007c95   Thumb Code    18  stm32f4xx_tim.o(.text)
    TIM_EncoderInterfaceConfig               0x08007ca7   Thumb Code    66  stm32f4xx_tim.o(.text)
    TIM_SelectHallSensor                     0x08007ce9   Thumb Code    24  stm32f4xx_tim.o(.text)
    TIM_RemapConfig                          0x08007d01   Thumb Code     6  stm32f4xx_tim.o(.text)
    USART_DeInit                             0x08007d09   Thumb Code   156  stm32f4xx_usart.o(.text)
    USART_Init                               0x08007da5   Thumb Code   204  stm32f4xx_usart.o(.text)
    USART_StructInit                         0x08007e71   Thumb Code    24  stm32f4xx_usart.o(.text)
    USART_ClockInit                          0x08007e89   Thumb Code    32  stm32f4xx_usart.o(.text)
    USART_ClockStructInit                    0x08007ea9   Thumb Code    12  stm32f4xx_usart.o(.text)
    USART_Cmd                                0x08007eb5   Thumb Code    24  stm32f4xx_usart.o(.text)
    USART_SetPrescaler                       0x08007ecd   Thumb Code    16  stm32f4xx_usart.o(.text)
    USART_OverSampling8Cmd                   0x08007edd   Thumb Code    22  stm32f4xx_usart.o(.text)
    USART_OneBitMethodCmd                    0x08007ef3   Thumb Code    24  stm32f4xx_usart.o(.text)
    USART_ClearFlag                          0x08007f0b   Thumb Code    18  stm32f4xx_usart.o(.text)
    USART_GetFlagStatus                      0x08007f1d   Thumb Code    26  stm32f4xx_usart.o(.text)
    USART_SendData                           0x08007f37   Thumb Code    44  stm32f4xx_usart.o(.text)
    USART_ReceiveData                        0x08007f63   Thumb Code    10  stm32f4xx_usart.o(.text)
    USART_SetAddress                         0x08007f6d   Thumb Code    18  stm32f4xx_usart.o(.text)
    USART_ReceiverWakeUpCmd                  0x08007f7f   Thumb Code    24  stm32f4xx_usart.o(.text)
    USART_WakeUpConfig                       0x08007f97   Thumb Code    18  stm32f4xx_usart.o(.text)
    USART_LINBreakDetectLengthConfig         0x08007fa9   Thumb Code    18  stm32f4xx_usart.o(.text)
    USART_LINCmd                             0x08007fbb   Thumb Code    24  stm32f4xx_usart.o(.text)
    USART_SendBreak                          0x08007fd3   Thumb Code    10  stm32f4xx_usart.o(.text)
    USART_HalfDuplexCmd                      0x08007fdd   Thumb Code    24  stm32f4xx_usart.o(.text)
    USART_SetGuardTime                       0x08007ff5   Thumb Code    16  stm32f4xx_usart.o(.text)
    USART_SmartCardCmd                       0x08008005   Thumb Code    24  stm32f4xx_usart.o(.text)
    USART_SmartCardNACKCmd                   0x0800801d   Thumb Code    24  stm32f4xx_usart.o(.text)
    USART_IrDAConfig                         0x08008035   Thumb Code    18  stm32f4xx_usart.o(.text)
    USART_IrDACmd                            0x08008047   Thumb Code    24  stm32f4xx_usart.o(.text)
    USART_DMACmd                             0x0800805f   Thumb Code    18  stm32f4xx_usart.o(.text)
    USART_ITConfig                           0x08008071   Thumb Code    74  stm32f4xx_usart.o(.text)
    USART_GetITStatus                        0x080080bb   Thumb Code   110  stm32f4xx_usart.o(.text)
    USART_ClearITPendingBit                  0x08008129   Thumb Code    30  stm32f4xx_usart.o(.text)
    CAN_DeInit                               0x08008149   Thumb Code    50  stm32f4xx_can.o(.text)
    CAN_Init                                 0x0800817b   Thumb Code   276  stm32f4xx_can.o(.text)
    CAN_FilterInit                           0x0800828f   Thumb Code   258  stm32f4xx_can.o(.text)
    CAN_StructInit                           0x08008391   Thumb Code    32  stm32f4xx_can.o(.text)
    CAN_SlaveStartBank                       0x080083b1   Thumb Code    48  stm32f4xx_can.o(.text)
    CAN_DBGFreeze                            0x080083e1   Thumb Code    22  stm32f4xx_can.o(.text)
    CAN_TTComModeCmd                         0x080083f7   Thumb Code   118  stm32f4xx_can.o(.text)
    CAN_Transmit                             0x0800846d   Thumb Code   304  stm32f4xx_can.o(.text)
    CAN_TransmitStatus                       0x0800859d   Thumb Code   138  stm32f4xx_can.o(.text)
    CAN_CancelTransmit                       0x08008627   Thumb Code    48  stm32f4xx_can.o(.text)
    CAN_Receive                              0x08008657   Thumb Code   240  stm32f4xx_can.o(.text)
    CAN_FIFORelease                          0x08008747   Thumb Code    22  stm32f4xx_can.o(.text)
    CAN_MessagePending                       0x0800875d   Thumb Code    30  stm32f4xx_can.o(.text)
    CAN_OperatingModeRequest                 0x0800877b   Thumb Code   162  stm32f4xx_can.o(.text)
    CAN_Sleep                                0x0800881d   Thumb Code    30  stm32f4xx_can.o(.text)
    CAN_WakeUp                               0x0800883b   Thumb Code    48  stm32f4xx_can.o(.text)
    CAN_GetLastErrorCode                     0x0800886b   Thumb Code    12  stm32f4xx_can.o(.text)
    CAN_GetReceiveErrorCounter               0x08008877   Thumb Code    10  stm32f4xx_can.o(.text)
    CAN_GetLSBTransmitErrorCounter           0x08008881   Thumb Code    12  stm32f4xx_can.o(.text)
    CAN_ITConfig                             0x0800888d   Thumb Code    18  stm32f4xx_can.o(.text)
    CAN_GetFlagStatus                        0x0800889f   Thumb Code   120  stm32f4xx_can.o(.text)
    CAN_ClearFlag                            0x08008917   Thumb Code    52  stm32f4xx_can.o(.text)
    CAN_GetITStatus                          0x0800895d   Thumb Code   310  stm32f4xx_can.o(.text)
    CAN_ClearITPendingBit                    0x08008a93   Thumb Code   162  stm32f4xx_can.o(.text)
    __aeabi_memcpy4                          0x08008b39   Thumb Code     0  rt_memcpy_w.o(.text)
    __aeabi_memcpy8                          0x08008b39   Thumb Code     0  rt_memcpy_w.o(.text)
    __rt_memcpy_w                            0x08008b39   Thumb Code   100  rt_memcpy_w.o(.text)
    _memcpy_lastbytes_aligned                0x08008b81   Thumb Code     0  rt_memcpy_w.o(.text)
    __use_two_region_memory                  0x08008b9d   Thumb Code     2  heapauxi.o(.text)
    __rt_heap_escrow$2region                 0x08008b9f   Thumb Code     2  heapauxi.o(.text)
    __rt_heap_expand$2region                 0x08008ba1   Thumb Code     2  heapauxi.o(.text)
    __read_errno                             0x08008ba3   Thumb Code    10  _rserrno.o(.text)
    __set_errno                              0x08008bad   Thumb Code    12  _rserrno.o(.text)
    __aeabi_errno_addr                       0x08008bb9   Thumb Code     8  rt_errno_addr_intlibspace.o(.text)
    __errno$intlibspace                      0x08008bb9   Thumb Code     0  rt_errno_addr_intlibspace.o(.text)
    __rt_errno_addr$intlibspace              0x08008bb9   Thumb Code     0  rt_errno_addr_intlibspace.o(.text)
    __user_libspace                          0x08008bc1   Thumb Code     8  libspace.o(.text)
    __user_perproc_libspace                  0x08008bc1   Thumb Code     0  libspace.o(.text)
    __user_perthread_libspace                0x08008bc1   Thumb Code     0  libspace.o(.text)
    __user_setup_stackheap                   0x08008bc9   Thumb Code    74  sys_stackheap_outer.o(.text)
    exit                                     0x08008c13   Thumb Code    12  exit.o(.text)
    _sys_exit                                0x08008c21   Thumb Code     8  sys_exit.o(.text)
    __I$use$semihosting                      0x08008c2d   Thumb Code     0  use_no_semi.o(.text)
    __use_no_semihosting_swi                 0x08008c2d   Thumb Code     2  use_no_semi.o(.text)
    __ARM_fpclassify                         0x08008c2f   Thumb Code    48  fpclassify.o(i.__ARM_fpclassify)
    __semihosting_library_function           0x08008c2f   Thumb Code     0  indicate_semi.o(.text)
    __hardfp_acos                            0x08008c61   Thumb Code   738  acos.o(i.__hardfp_acos)
    __hardfp_asin                            0x08008fb9   Thumb Code   770  asin.o(i.__hardfp_asin)
    __hardfp_cos                             0x08009319   Thumb Code   180  cos.o(i.__hardfp_cos)
    __hardfp_pow                             0x080093e1   Thumb Code  3044  pow.o(i.__hardfp_pow)
    __hardfp_sin                             0x0800a019   Thumb Code   180  sin.o(i.__hardfp_sin)
    __hardfp_tan                             0x0800a0e1   Thumb Code   108  tan.o(i.__hardfp_tan)
    __ieee754_rem_pio2                       0x0800a161   Thumb Code   938  rred.o(i.__ieee754_rem_pio2)
    __kernel_cos                             0x0800a599   Thumb Code   322  cos_i.o(i.__kernel_cos)
    __kernel_poly                            0x0800a709   Thumb Code   248  poly.o(i.__kernel_poly)
    __kernel_sin                             0x0800a801   Thumb Code   280  sin_i.o(i.__kernel_sin)
    __kernel_tan                             0x0800a931   Thumb Code   764  tan_i.o(i.__kernel_tan)
    __mathlib_dbl_divzero                    0x0800ac81   Thumb Code    28  dunder.o(i.__mathlib_dbl_divzero)
    __mathlib_dbl_infnan                     0x0800acb1   Thumb Code    20  dunder.o(i.__mathlib_dbl_infnan)
    __mathlib_dbl_infnan2                    0x0800acc5   Thumb Code    20  dunder.o(i.__mathlib_dbl_infnan2)
    __mathlib_dbl_invalid                    0x0800acd9   Thumb Code    24  dunder.o(i.__mathlib_dbl_invalid)
    __mathlib_dbl_overflow                   0x0800acf9   Thumb Code    24  dunder.o(i.__mathlib_dbl_overflow)
    __mathlib_dbl_underflow                  0x0800ad19   Thumb Code    24  dunder.o(i.__mathlib_dbl_underflow)
    fabs                                     0x0800ad39   Thumb Code    24  fabs.o(i.fabs)
    sqrt                                     0x0800ad51   Thumb Code   110  sqrt.o(i.sqrt)
    __aeabi_dneg                             0x0800adbf   Thumb Code     0  basic.o(x$fpl$basic)
    _dneg                                    0x0800adbf   Thumb Code     6  basic.o(x$fpl$basic)
    __aeabi_fneg                             0x0800adc5   Thumb Code     0  basic.o(x$fpl$basic)
    _fneg                                    0x0800adc5   Thumb Code     6  basic.o(x$fpl$basic)
    _dabs                                    0x0800adcb   Thumb Code     6  basic.o(x$fpl$basic)
    _fabs                                    0x0800add1   Thumb Code     6  basic.o(x$fpl$basic)
    __aeabi_d2f                              0x0800add9   Thumb Code     0  d2f.o(x$fpl$d2f)
    _d2f                                     0x0800add9   Thumb Code    98  d2f.o(x$fpl$d2f)
    __aeabi_dadd                             0x0800ae3d   Thumb Code     0  daddsub_clz.o(x$fpl$dadd)
    _dadd                                    0x0800ae3d   Thumb Code   332  daddsub_clz.o(x$fpl$dadd)
    __fpl_dcheck_NaN1                        0x0800af8d   Thumb Code    10  dcheck1.o(x$fpl$dcheck1)
    __fpl_dcmp_Inf                           0x0800af9d   Thumb Code    24  dcmpi.o(x$fpl$dcmpinf)
    __aeabi_ddiv                             0x0800afb5   Thumb Code     0  ddiv.o(x$fpl$ddiv)
    _ddiv                                    0x0800afb5   Thumb Code   552  ddiv.o(x$fpl$ddiv)
    __aeabi_d2iz                             0x0800b265   Thumb Code     0  dfix.o(x$fpl$dfix)
    _dfix                                    0x0800b265   Thumb Code    94  dfix.o(x$fpl$dfix)
    __aeabi_i2d                              0x0800b2c3   Thumb Code     0  dflt_clz.o(x$fpl$dflt)
    _dflt                                    0x0800b2c3   Thumb Code    46  dflt_clz.o(x$fpl$dflt)
    __aeabi_ui2d                             0x0800b2f1   Thumb Code     0  dflt_clz.o(x$fpl$dfltu)
    _dfltu                                   0x0800b2f1   Thumb Code    38  dflt_clz.o(x$fpl$dfltu)
    __aeabi_cdcmple                          0x0800b319   Thumb Code     0  dleqf.o(x$fpl$dleqf)
    _dcmple                                  0x0800b319   Thumb Code   120  dleqf.o(x$fpl$dleqf)
    __fpl_dcmple_InfNaN                      0x0800b37b   Thumb Code     0  dleqf.o(x$fpl$dleqf)
    __aeabi_dmul                             0x0800b391   Thumb Code     0  dmul.o(x$fpl$dmul)
    _dmul                                    0x0800b391   Thumb Code   332  dmul.o(x$fpl$dmul)
    __fpl_dnaninf                            0x0800b4e5   Thumb Code   156  dnaninf.o(x$fpl$dnaninf)
    __fpl_dretinf                            0x0800b581   Thumb Code    12  dretinf.o(x$fpl$dretinf)
    __aeabi_cdrcmple                         0x0800b58d   Thumb Code     0  drleqf.o(x$fpl$drleqf)
    _drcmple                                 0x0800b58d   Thumb Code   108  drleqf.o(x$fpl$drleqf)
    __aeabi_drsub                            0x0800b5f9   Thumb Code     0  daddsub_clz.o(x$fpl$drsb)
    _drsb                                    0x0800b5f9   Thumb Code    22  daddsub_clz.o(x$fpl$drsb)
    _dsqrt                                   0x0800b611   Thumb Code   404  dsqrt_umaal.o(x$fpl$dsqrt)
    __aeabi_dsub                             0x0800b7a9   Thumb Code     0  daddsub_clz.o(x$fpl$dsub)
    _dsub                                    0x0800b7a9   Thumb Code   464  daddsub_clz.o(x$fpl$dsub)
    __aeabi_f2d                              0x0800b97d   Thumb Code     0  f2d.o(x$fpl$f2d)
    _f2d                                     0x0800b97d   Thumb Code    86  f2d.o(x$fpl$f2d)
    __fpl_fnaninf                            0x0800b9d3   Thumb Code   140  fnaninf.o(x$fpl$fnaninf)
    _fp_init                                 0x0800ba5f   Thumb Code    10  fpinit.o(x$fpl$fpinit)
    __fplib_config_fpu_vfp                   0x0800ba67   Thumb Code     0  fpinit.o(x$fpl$fpinit)
    __fplib_config_pureend_doubles           0x0800ba67   Thumb Code     0  fpinit.o(x$fpl$fpinit)
    __fpl_fretinf                            0x0800ba69   Thumb Code    10  fretinf.o(x$fpl$fretinf)
    __fpl_return_NaN                         0x0800ba73   Thumb Code   100  retnan.o(x$fpl$retnan)
    __ARM_scalbn                             0x0800bad7   Thumb Code    92  scalbn.o(x$fpl$scalbn)
    __fpl_cmpreturn                          0x0800bb33   Thumb Code    48  trapv.o(x$fpl$trapveneer)
    __I$use$fp                               0x0800bb62   Number         0  usenofp.o(x$fpl$usenofp)
    OSDebugEn                                0x0800bc6c   Data           2  os_dbg.o(.constdata)
    OSEndiannessTest                         0x0800bc70   Data           4  os_dbg.o(.constdata)
    OSEventEn                                0x0800bc74   Data           2  os_dbg.o(.constdata)
    OSEventMax                               0x0800bc76   Data           2  os_dbg.o(.constdata)
    OSEventNameEn                            0x0800bc78   Data           2  os_dbg.o(.constdata)
    OSEventSize                              0x0800bc7a   Data           2  os_dbg.o(.constdata)
    OSEventTblSize                           0x0800bc7c   Data           2  os_dbg.o(.constdata)
    OSEventMultiEn                           0x0800bc7e   Data           2  os_dbg.o(.constdata)
    OSFlagEn                                 0x0800bc80   Data           2  os_dbg.o(.constdata)
    OSFlagGrpSize                            0x0800bc82   Data           2  os_dbg.o(.constdata)
    OSFlagNodeSize                           0x0800bc84   Data           2  os_dbg.o(.constdata)
    OSFlagWidth                              0x0800bc86   Data           2  os_dbg.o(.constdata)
    OSFlagMax                                0x0800bc88   Data           2  os_dbg.o(.constdata)
    OSFlagNameEn                             0x0800bc8a   Data           2  os_dbg.o(.constdata)
    OSLowestPrio                             0x0800bc8c   Data           2  os_dbg.o(.constdata)
    OSMboxEn                                 0x0800bc8e   Data           2  os_dbg.o(.constdata)
    OSMemEn                                  0x0800bc90   Data           2  os_dbg.o(.constdata)
    OSMemMax                                 0x0800bc92   Data           2  os_dbg.o(.constdata)
    OSMemNameEn                              0x0800bc94   Data           2  os_dbg.o(.constdata)
    OSMemSize                                0x0800bc96   Data           2  os_dbg.o(.constdata)
    OSMemTblSize                             0x0800bc98   Data           2  os_dbg.o(.constdata)
    OSMutexEn                                0x0800bc9a   Data           2  os_dbg.o(.constdata)
    OSPtrSize                                0x0800bc9c   Data           2  os_dbg.o(.constdata)
    OSQEn                                    0x0800bc9e   Data           2  os_dbg.o(.constdata)
    OSQMax                                   0x0800bca0   Data           2  os_dbg.o(.constdata)
    OSQSize                                  0x0800bca2   Data           2  os_dbg.o(.constdata)
    OSRdyTblSize                             0x0800bca4   Data           2  os_dbg.o(.constdata)
    OSSemEn                                  0x0800bca6   Data           2  os_dbg.o(.constdata)
    OSStkWidth                               0x0800bca8   Data           2  os_dbg.o(.constdata)
    OSTaskCreateEn                           0x0800bcaa   Data           2  os_dbg.o(.constdata)
    OSTaskCreateExtEn                        0x0800bcac   Data           2  os_dbg.o(.constdata)
    OSTaskDelEn                              0x0800bcae   Data           2  os_dbg.o(.constdata)
    OSTaskIdleStkSize                        0x0800bcb0   Data           2  os_dbg.o(.constdata)
    OSTaskProfileEn                          0x0800bcb2   Data           2  os_dbg.o(.constdata)
    OSTaskMax                                0x0800bcb4   Data           2  os_dbg.o(.constdata)
    OSTaskNameEn                             0x0800bcb6   Data           2  os_dbg.o(.constdata)
    OSTaskStatEn                             0x0800bcb8   Data           2  os_dbg.o(.constdata)
    OSTaskStatStkSize                        0x0800bcba   Data           2  os_dbg.o(.constdata)
    OSTaskStatStkChkEn                       0x0800bcbc   Data           2  os_dbg.o(.constdata)
    OSTaskSwHookEn                           0x0800bcbe   Data           2  os_dbg.o(.constdata)
    OSTaskRegTblSize                         0x0800bcc0   Data           2  os_dbg.o(.constdata)
    OSTCBPrioTblMax                          0x0800bcc2   Data           2  os_dbg.o(.constdata)
    OSTCBSize                                0x0800bcc4   Data           2  os_dbg.o(.constdata)
    OSTicksPerSec                            0x0800bcc6   Data           2  os_dbg.o(.constdata)
    OSTimeTickHookEn                         0x0800bcc8   Data           2  os_dbg.o(.constdata)
    OSVersionNbr                             0x0800bcca   Data           2  os_dbg.o(.constdata)
    OSTmrEn                                  0x0800bccc   Data           2  os_dbg.o(.constdata)
    OSTmrCfgMax                              0x0800bcce   Data           2  os_dbg.o(.constdata)
    OSTmrCfgNameEn                           0x0800bcd0   Data           2  os_dbg.o(.constdata)
    OSTmrCfgWheelSize                        0x0800bcd2   Data           2  os_dbg.o(.constdata)
    OSTmrCfgTicksPerSec                      0x0800bcd4   Data           2  os_dbg.o(.constdata)
    OSTmrSize                                0x0800bcd6   Data           2  os_dbg.o(.constdata)
    OSTmrTblSize                             0x0800bcd8   Data           2  os_dbg.o(.constdata)
    OSTmrWheelSize                           0x0800bcda   Data           2  os_dbg.o(.constdata)
    OSTmrWheelTblSize                        0x0800bcdc   Data           2  os_dbg.o(.constdata)
    OSDataSize                               0x0800bcde   Data           2  os_dbg.o(.constdata)
    OSUnMapTbl                               0x0800bce0   Data         256  os_core.o(.constdata)
    __mathlib_zero                           0x0800bf38   Data           8  qnan.o(.constdata)
    Region$$Table$$Base                      0x0800c090   Number         0  anon$$obj.o(Region$$Table)
    Region$$Table$$Limit                     0x0800c0b0   Number         0  anon$$obj.o(Region$$Table)
    pos_x                                    0x20000004   Data           4  stm32f4xx_it.o(.data)
    pos_y                                    0x20000008   Data           4  stm32f4xx_it.o(.data)
    zangle                                   0x2000000c   Data           4  stm32f4xx_it.o(.data)
    txdata                                   0x20000020   Data           2  can.o(.data)
    PeriodSem                                0x20000024   Data           4  task.o(.data)
    CalculateSem                             0x20000028   Data           4  task.o(.data)
    status                                   0x2000002c   Data           1  task.o(.data)
    SystemCoreClock                          0x20000058   Data           4  system_stm32f4xx.o(.data)
    AHBPrescTable                            0x2000005c   Data          16  system_stm32f4xx.o(.data)
    OS_CPU_ExceptStkBase                     0x2000006c   Data           4  os_cpu_c.o(.data)
    OSCtxSwCtr                               0x20000074   Data           4  os_core.o(.data)
    OSEventFreeList                          0x20000078   Data           4  os_core.o(.data)
    OSFlagFreeList                           0x2000007c   Data           4  os_core.o(.data)
    OSCPUUsage                               0x20000080   Data           1  os_core.o(.data)
    OSIdleCtrMax                             0x20000084   Data           4  os_core.o(.data)
    OSIdleCtrRun                             0x20000088   Data           4  os_core.o(.data)
    OSStatRdy                                0x2000008c   Data           1  os_core.o(.data)
    OSIntNesting                             0x2000008d   Data           1  os_core.o(.data)
    OSLockNesting                            0x2000008e   Data           1  os_core.o(.data)
    OSPrioCur                                0x2000008f   Data           1  os_core.o(.data)
    OSPrioHighRdy                            0x20000090   Data           1  os_core.o(.data)
    OSRdyGrp                                 0x20000091   Data           1  os_core.o(.data)
    OSRdyTbl                                 0x20000092   Data           8  os_core.o(.data)
    OSRunning                                0x2000009a   Data           1  os_core.o(.data)
    OSTaskCtr                                0x2000009b   Data           1  os_core.o(.data)
    OSIdleCtr                                0x2000009c   Data           4  os_core.o(.data)
    OSTCBCur                                 0x200000a0   Data           4  os_core.o(.data)
    OSTCBFreeList                            0x200000a4   Data           4  os_core.o(.data)
    OSTCBHighRdy                             0x200000a8   Data           4  os_core.o(.data)
    OSTCBList                                0x200000ac   Data           4  os_core.o(.data)
    OSTickStepState                          0x200000b0   Data           1  os_core.o(.data)
    OSMemFreeList                            0x200000b4   Data           4  os_core.o(.data)
    OSQFreeList                              0x200000b8   Data           4  os_core.o(.data)
    OSTime                                   0x200000bc   Data           4  os_core.o(.data)
    OSTmrFree                                0x200000c0   Data           2  os_core.o(.data)
    OSTmrUsed                                0x200000c2   Data           2  os_core.o(.data)
    OSTmrTime                                0x200000c4   Data           4  os_core.o(.data)
    OSTmrSem                                 0x200000c8   Data           4  os_core.o(.data)
    OSTmrSemSignal                           0x200000cc   Data           4  os_core.o(.data)
    OSTmrFreeList                            0x200000d0   Data           4  os_core.o(.data)
    fpid_gather                              0x200028f0   Data          72  task.o(.bss)
    OS_CPU_ExceptStk                         0x200029a4   Data         512  os_cpu_c.o(.bss)
    OSEventTbl                               0x20002ba4   Data        1440  os_core.o(.bss)
    OSFlagTbl                                0x20003144   Data          80  os_core.o(.bss)
    OSTaskStatStk                            0x20003194   Data         512  os_core.o(.bss)
    OSTaskIdleStk                            0x20003394   Data         512  os_core.o(.bss)
    OSTCBPrioTbl                             0x20003594   Data         256  os_core.o(.bss)
    OSTCBTbl                                 0x20003694   Data        2816  os_core.o(.bss)
    OSMemTbl                                 0x20004194   Data         120  os_core.o(.bss)
    OSQTbl                                   0x2000420c   Data          96  os_core.o(.bss)
    OSTmrTbl                                 0x2000426c   Data         640  os_core.o(.bss)
    OSTmrTaskStk                             0x200044ec   Data         512  os_core.o(.bss)
    OSTmrWheelTbl                            0x200046ec   Data          64  os_core.o(.bss)
    __libspace_start                         0x2000472c   Data          96  libspace.o(.bss)
    __temporary_stack_top$libspace           0x2000478c   Data           0  libspace.o(.bss)



==============================================================================

Memory Map of the image

  Image Entry point : 0x08002e61

  Load Region LR_1 (Base: 0x08000000, Size: 0x0000c194, Max: 0xffffffff, ABSOLUTE)

    Execution Region ER_RO (Base: 0x08000000, Size: 0x0000c0b0, Max: 0xffffffff, ABSOLUTE)

    Base Addr    Size         Type   Attr      Idx    E Section Name        Object

    0x08000000   0x00000188   Data   RO          480    RESET               startup_stm32f4xx.o
    0x08000188   0x00000008   Code   RO          896  * !!!main             c_w.l(__main.o)
    0x08000190   0x00000034   Code   RO         1247    !!!scatter          c_w.l(__scatter.o)
    0x080001c4   0x0000001a   Code   RO         1249    !!handler_copy      c_w.l(__scatter_copy.o)
    0x080001de   0x00000002   PAD
    0x080001e0   0x0000001c   Code   RO         1251    !!handler_zi        c_w.l(__scatter_zi.o)
    0x080001fc   0x00000002   Code   RO         1117    .ARM.Collect$$libinit$$00000000  c_w.l(libinit.o)
    0x080001fe   0x00000004   Code   RO         1122    .ARM.Collect$$libinit$$00000001  c_w.l(libinit2.o)
    0x08000202   0x00000000   Code   RO         1125    .ARM.Collect$$libinit$$00000004  c_w.l(libinit2.o)
    0x08000202   0x00000000   Code   RO         1128    .ARM.Collect$$libinit$$0000000A  c_w.l(libinit2.o)
    0x08000202   0x00000000   Code   RO         1130    .ARM.Collect$$libinit$$0000000C  c_w.l(libinit2.o)
    0x08000202   0x00000000   Code   RO         1132    .ARM.Collect$$libinit$$0000000E  c_w.l(libinit2.o)
    0x08000202   0x00000000   Code   RO         1135    .ARM.Collect$$libinit$$00000011  c_w.l(libinit2.o)
    0x08000202   0x00000000   Code   RO         1137    .ARM.Collect$$libinit$$00000013  c_w.l(libinit2.o)
    0x08000202   0x00000000   Code   RO         1139    .ARM.Collect$$libinit$$00000015  c_w.l(libinit2.o)
    0x08000202   0x00000000   Code   RO         1141    .ARM.Collect$$libinit$$00000017  c_w.l(libinit2.o)
    0x08000202   0x00000000   Code   RO         1143    .ARM.Collect$$libinit$$00000019  c_w.l(libinit2.o)
    0x08000202   0x00000000   Code   RO         1145    .ARM.Collect$$libinit$$0000001B  c_w.l(libinit2.o)
    0x08000202   0x00000000   Code   RO         1147    .ARM.Collect$$libinit$$0000001D  c_w.l(libinit2.o)
    0x08000202   0x00000000   Code   RO         1149    .ARM.Collect$$libinit$$0000001F  c_w.l(libinit2.o)
    0x08000202   0x00000000   Code   RO         1151    .ARM.Collect$$libinit$$00000021  c_w.l(libinit2.o)
    0x08000202   0x00000000   Code   RO         1153    .ARM.Collect$$libinit$$00000023  c_w.l(libinit2.o)
    0x08000202   0x00000000   Code   RO         1155    .ARM.Collect$$libinit$$00000025  c_w.l(libinit2.o)
    0x08000202   0x00000000   Code   RO         1159    .ARM.Collect$$libinit$$0000002C  c_w.l(libinit2.o)
    0x08000202   0x00000000   Code   RO         1161    .ARM.Collect$$libinit$$0000002E  c_w.l(libinit2.o)
    0x08000202   0x00000000   Code   RO         1163    .ARM.Collect$$libinit$$00000030  c_w.l(libinit2.o)
    0x08000202   0x00000000   Code   RO         1165    .ARM.Collect$$libinit$$00000032  c_w.l(libinit2.o)
    0x08000202   0x00000002   Code   RO         1166    .ARM.Collect$$libinit$$00000033  c_w.l(libinit2.o)
    0x08000204   0x00000002   Code   RO         1188    .ARM.Collect$$libshutdown$$00000000  c_w.l(libshutdown.o)
    0x08000206   0x00000000   Code   RO         1202    .ARM.Collect$$libshutdown$$00000003  c_w.l(libshutdown2.o)
    0x08000206   0x00000000   Code   RO         1205    .ARM.Collect$$libshutdown$$00000006  c_w.l(libshutdown2.o)
    0x08000206   0x00000000   Code   RO         1208    .ARM.Collect$$libshutdown$$00000009  c_w.l(libshutdown2.o)
    0x08000206   0x00000000   Code   RO         1210    .ARM.Collect$$libshutdown$$0000000B  c_w.l(libshutdown2.o)
    0x08000206   0x00000000   Code   RO         1213    .ARM.Collect$$libshutdown$$0000000E  c_w.l(libshutdown2.o)
    0x08000206   0x00000002   Code   RO         1214    .ARM.Collect$$libshutdown$$0000000F  c_w.l(libshutdown2.o)
    0x08000208   0x00000000   Code   RO         1026    .ARM.Collect$$rtentry$$00000000  c_w.l(__rtentry.o)
    0x08000208   0x00000000   Code   RO         1084    .ARM.Collect$$rtentry$$00000002  c_w.l(__rtentry2.o)
    0x08000208   0x00000006   Code   RO         1096    .ARM.Collect$$rtentry$$00000004  c_w.l(__rtentry4.o)
    0x0800020e   0x00000000   Code   RO         1086    .ARM.Collect$$rtentry$$00000009  c_w.l(__rtentry2.o)
    0x0800020e   0x00000004   Code   RO         1087    .ARM.Collect$$rtentry$$0000000A  c_w.l(__rtentry2.o)
    0x08000212   0x00000000   Code   RO         1089    .ARM.Collect$$rtentry$$0000000C  c_w.l(__rtentry2.o)
    0x08000212   0x00000008   Code   RO         1090    .ARM.Collect$$rtentry$$0000000D  c_w.l(__rtentry2.o)
    0x0800021a   0x00000002   Code   RO         1120    .ARM.Collect$$rtexit$$00000000  c_w.l(rtexit.o)
    0x0800021c   0x00000000   Code   RO         1170    .ARM.Collect$$rtexit$$00000002  c_w.l(rtexit2.o)
    0x0800021c   0x00000004   Code   RO         1171    .ARM.Collect$$rtexit$$00000003  c_w.l(rtexit2.o)
    0x08000220   0x00000006   Code   RO         1172    .ARM.Collect$$rtexit$$00000004  c_w.l(rtexit2.o)
    0x08000226   0x00000002   PAD
    0x08000228   0x00000074   Code   RO            3    .text               main.o
    0x0800029c   0x00000788   Code   RO           97    .text               timer.o
    0x08000a24   0x00000938   Code   RO          132    .text               usart.o
    0x0800135c   0x000004fc   Code   RO          170    .text               stm32f4xx_it.o
    0x08001858   0x00000630   Code   RO          216    .text               elmo.o
    0x08001e88   0x000004a8   Code   RO          237    .text               can.o
    0x08002330   0x000001a4   Code   RO          260    .text               task.o
    0x080024d4   0x00000170   Code   RO          284    .text               update.o
    0x08002644   0x00000038   Code   RO          310    .text               elmoinit.o
    0x0800267c   0x00000384   Code   RO          330    .text               actionmath.o
    0x08002a00   0x00000234   Code   RO          350    .text               coordsconversion.o
    0x08002c34   0x0000001a   Code   RO          391    .text               fpidvalset.o
    0x08002c4e   0x00000002   PAD
    0x08002c50   0x00000210   Code   RO          454    .text               system_stm32f4xx.o
    0x08002e60   0x00000050   Code   RO          481  * .text               startup_stm32f4xx.o
    0x08002eb0   0x000002c8   Code   RO          487    .text               os_cpu_c.o
    0x08003178   0x000000b8   Code   RO          516    .text               os_cpu_a.o
    0x08003230   0x0000015c   Code   RO          519    .text               os_dbg.o
    0x0800338c   0x00000d50   Code   RO          534    .text               os_core.o
    0x080040dc   0x00000864   Code   RO          554    .text               os_flag.o
    0x08004940   0x00000258   Code   RO          578    .text               os_mem.o
    0x08004b98   0x00000654   Code   RO          602    .text               os_q.o
    0x080051ec   0x000003e0   Code   RO          614    .text               os_sem.o
    0x080055cc   0x0000090c   Code   RO          626    .text               os_task.o
    0x08005ed8   0x000001d4   Code   RO          638    .text               os_time.o
    0x080060ac   0x000006e0   Code   RO          650    .text               os_tmr.o
    0x0800678c   0x00000012   Code   RO          664    .text               os_apphooks.o
    0x0800679e   0x00000002   PAD
    0x080067a0   0x0000025c   Code   RO          684    .text               stm32f4xx_gpio.o
    0x080069fc   0x00000588   Code   RO          704    .text               stm32f4xx_rcc.o
    0x08006f84   0x000000e0   Code   RO          726    .text               misc.o
    0x08007064   0x00000ca2   Code   RO          746    .text               stm32f4xx_tim.o
    0x08007d06   0x00000002   PAD
    0x08007d08   0x0000043e   Code   RO          766    .text               stm32f4xx_usart.o
    0x08008146   0x00000002   PAD
    0x08008148   0x000009f0   Code   RO          786    .text               stm32f4xx_can.o
    0x08008b38   0x00000064   Code   RO          892    .text               c_w.l(rt_memcpy_w.o)
    0x08008b9c   0x00000006   Code   RO          894    .text               c_w.l(heapauxi.o)
    0x08008ba2   0x00000016   Code   RO         1027    .text               c_w.l(_rserrno.o)
    0x08008bb8   0x00000008   Code   RO         1101    .text               c_w.l(rt_errno_addr_intlibspace.o)
    0x08008bc0   0x00000008   Code   RO         1105    .text               c_w.l(libspace.o)
    0x08008bc8   0x0000004a   Code   RO         1108    .text               c_w.l(sys_stackheap_outer.o)
    0x08008c12   0x0000000c   Code   RO         1110    .text               c_w.l(exit.o)
    0x08008c1e   0x00000002   PAD
    0x08008c20   0x0000000c   Code   RO         1180    .text               c_w.l(sys_exit.o)
    0x08008c2c   0x00000002   Code   RO         1191    .text               c_w.l(use_no_semi.o)
    0x08008c2e   0x00000000   Code   RO         1193    .text               c_w.l(indicate_semi.o)
    0x08008c2e   0x00000030   Code   RO         1061    i.__ARM_fpclassify  m_wm.l(fpclassify.o)
    0x08008c5e   0x00000002   PAD
    0x08008c60   0x00000358   Code   RO          930    i.__hardfp_acos     m_wm.l(acos.o)
    0x08008fb8   0x00000360   Code   RO          944    i.__hardfp_asin     m_wm.l(asin.o)
    0x08009318   0x000000c8   Code   RO          958    i.__hardfp_cos      m_wm.l(cos.o)
    0x080093e0   0x00000c38   Code   RO          976    i.__hardfp_pow      m_wm.l(pow.o)
    0x0800a018   0x000000c8   Code   RO          990    i.__hardfp_sin      m_wm.l(sin.o)
    0x0800a0e0   0x00000080   Code   RO         1014    i.__hardfp_tan      m_wm.l(tan.o)
    0x0800a160   0x00000438   Code   RO         1066    i.__ieee754_rem_pio2  m_wm.l(rred.o)
    0x0800a598   0x00000170   Code   RO         1044    i.__kernel_cos      m_wm.l(cos_i.o)
    0x0800a708   0x000000f8   Code   RO         1063    i.__kernel_poly     m_wm.l(poly.o)
    0x0800a800   0x00000130   Code   RO         1071    i.__kernel_sin      m_wm.l(sin_i.o)
    0x0800a930   0x00000350   Code   RO         1077    i.__kernel_tan      m_wm.l(tan_i.o)
    0x0800ac80   0x00000030   Code   RO         1047    i.__mathlib_dbl_divzero  m_wm.l(dunder.o)
    0x0800acb0   0x00000014   Code   RO         1048    i.__mathlib_dbl_infnan  m_wm.l(dunder.o)
    0x0800acc4   0x00000014   Code   RO         1049    i.__mathlib_dbl_infnan2  m_wm.l(dunder.o)
    0x0800acd8   0x00000020   Code   RO         1050    i.__mathlib_dbl_invalid  m_wm.l(dunder.o)
    0x0800acf8   0x00000020   Code   RO         1051    i.__mathlib_dbl_overflow  m_wm.l(dunder.o)
    0x0800ad18   0x00000020   Code   RO         1053    i.__mathlib_dbl_underflow  m_wm.l(dunder.o)
    0x0800ad38   0x00000018   Code   RO          972    i.fabs              m_wm.l(fabs.o)
    0x0800ad50   0x0000006e   Code   RO         1004    i.sqrt              m_wm.l(sqrt.o)
    0x0800adbe   0x00000018   Code   RO          898    x$fpl$basic         fz_wm.l(basic.o)
    0x0800add6   0x00000002   PAD
    0x0800add8   0x00000062   Code   RO          900    x$fpl$d2f           fz_wm.l(d2f.o)
    0x0800ae3a   0x00000002   PAD
    0x0800ae3c   0x00000150   Code   RO          902    x$fpl$dadd          fz_wm.l(daddsub_clz.o)
    0x0800af8c   0x00000010   Code   RO         1103    x$fpl$dcheck1       fz_wm.l(dcheck1.o)
    0x0800af9c   0x00000018   Code   RO         1029    x$fpl$dcmpinf       fz_wm.l(dcmpi.o)
    0x0800afb4   0x000002b0   Code   RO          909    x$fpl$ddiv          fz_wm.l(ddiv.o)
    0x0800b264   0x0000005e   Code   RO          912    x$fpl$dfix          fz_wm.l(dfix.o)
    0x0800b2c2   0x0000002e   Code   RO          917    x$fpl$dflt          fz_wm.l(dflt_clz.o)
    0x0800b2f0   0x00000026   Code   RO          916    x$fpl$dfltu         fz_wm.l(dflt_clz.o)
    0x0800b316   0x00000002   PAD
    0x0800b318   0x00000078   Code   RO          922    x$fpl$dleqf         fz_wm.l(dleqf.o)
    0x0800b390   0x00000154   Code   RO          924    x$fpl$dmul          fz_wm.l(dmul.o)
    0x0800b4e4   0x0000009c   Code   RO         1031    x$fpl$dnaninf       fz_wm.l(dnaninf.o)
    0x0800b580   0x0000000c   Code   RO         1033    x$fpl$dretinf       fz_wm.l(dretinf.o)
    0x0800b58c   0x0000006c   Code   RO          926    x$fpl$drleqf        fz_wm.l(drleqf.o)
    0x0800b5f8   0x00000016   Code   RO          903    x$fpl$drsb          fz_wm.l(daddsub_clz.o)
    0x0800b60e   0x00000002   PAD
    0x0800b610   0x00000198   Code   RO         1035    x$fpl$dsqrt         fz_wm.l(dsqrt_umaal.o)
    0x0800b7a8   0x000001d4   Code   RO          904    x$fpl$dsub          fz_wm.l(daddsub_clz.o)
    0x0800b97c   0x00000056   Code   RO          928    x$fpl$f2d           fz_wm.l(f2d.o)
    0x0800b9d2   0x0000008c   Code   RO         1037    x$fpl$fnaninf       fz_wm.l(fnaninf.o)
    0x0800ba5e   0x0000000a   Code   RO         1178    x$fpl$fpinit        fz_wm.l(fpinit.o)
    0x0800ba68   0x0000000a   Code   RO         1039    x$fpl$fretinf       fz_wm.l(fretinf.o)
    0x0800ba72   0x00000064   Code   RO         1118    x$fpl$retnan        fz_wm.l(retnan.o)
    0x0800bad6   0x0000005c   Code   RO         1041    x$fpl$scalbn        fz_wm.l(scalbn.o)
    0x0800bb32   0x00000030   Code   RO         1167    x$fpl$trapveneer    fz_wm.l(trapv.o)
    0x0800bb62   0x00000000   Code   RO         1043    x$fpl$usenofp       fz_wm.l(usenofp.o)
    0x0800bb62   0x00000002   PAD
    0x0800bb64   0x00000108   Data   RO          217    .constdata          elmo.o
    0x0800bc6c   0x00000074   Data   RO          520    .constdata          os_dbg.o
    0x0800bce0   0x00000100   Data   RO          536    .constdata          os_core.o
    0x0800bde0   0x00000050   Data   RO          933    .constdata          m_wm.l(acos.o)
    0x0800be30   0x00000050   Data   RO          947    .constdata          m_wm.l(asin.o)
    0x0800be80   0x00000088   Data   RO          979    .constdata          m_wm.l(pow.o)
    0x0800bf08   0x00000030   Data   RO         1045    .constdata          m_wm.l(cos_i.o)
    0x0800bf38   0x00000008   Data   RO         1065    .constdata          m_wm.l(qnan.o)
    0x0800bf40   0x000000c8   Data   RO         1068    .constdata          m_wm.l(rred.o)
    0x0800c008   0x00000028   Data   RO         1072    .constdata          m_wm.l(sin_i.o)
    0x0800c030   0x00000060   Data   RO         1078    .constdata          m_wm.l(tan_i.o)
    0x0800c090   0x00000020   Data   RO         1245    Region$$Table       anon$$obj.o


    Execution Region ER_RW (Base: 0x20000000, Size: 0x000000e4, Max: 0xffffffff, ABSOLUTE)

    Base Addr    Size         Type   Attr      Idx    E Section Name        Object

    0x20000000   0x00000002   Data   RW          133    .data               usart.o
    0x20000002   0x00000002   PAD
    0x20000004   0x0000001b   Data   RW          172    .data               stm32f4xx_it.o
    0x2000001f   0x00000001   PAD
    0x20000020   0x00000002   Data   RW          238    .data               can.o
    0x20000022   0x00000002   PAD
    0x20000024   0x00000009   Data   RW          262    .data               task.o
    0x2000002d   0x00000003   PAD
    0x20000030   0x00000028   Data   RW          286    .data               update.o
    0x20000058   0x00000014   Data   RW          455    .data               system_stm32f4xx.o
    0x2000006c   0x00000006   Data   RW          489    .data               os_cpu_c.o
    0x20000072   0x00000002   PAD
    0x20000074   0x00000060   Data   RW          537    .data               os_core.o
    0x200000d4   0x00000010   Data   RW          705    .data               stm32f4xx_rcc.o


    Execution Region ER_ZI (Base: 0x200000e4, Size: 0x00004cac, Max: 0xffffffff, ABSOLUTE)

    Base Addr    Size         Type   Attr      Idx    E Section Name        Object

    0x200000e4   0x00001400   Zero   RW            4    .bss                main.o
    0x200014e4   0x0000000c   Zero   RW          171    .bss                stm32f4xx_it.o
    0x200014f0   0x00001448   Zero   RW          261    .bss                task.o
    0x20002938   0x0000006c   Zero   RW          285    .bss                update.o
    0x200029a4   0x00000200   Zero   RW          488    .bss                os_cpu_c.o
    0x20002ba4   0x00001b88   Zero   RW          535    .bss                os_core.o
    0x2000472c   0x00000060   Zero   RW         1106    .bss                c_w.l(libspace.o)
    0x2000478c   0x00000004   PAD
    0x20004790   0x00000200   Zero   RW          479    HEAP                startup_stm32f4xx.o
    0x20004990   0x00000400   Zero   RW          478    STACK               startup_stm32f4xx.o


==============================================================================

Image component sizes


      Code (inc. data)   RO Data    RW Data    ZI Data      Debug   Object Name

       900         58          0          0          0       2899   actionmath.o
      1192         18          0          2          0       3348   can.o
       564         42          0          0          0        811   coordsconversion.o
      1584         22        264          0          0       3909   elmo.o
        56          0          0          0          0        763   elmoinit.o
        26          0          0          0          0       1097   fpidvalset.o
       116         18          0          0       5120     230310   main.o
       224         20          0          0          0       1961   misc.o
        18          0          0          0          0       1519   os_apphooks.o
      3408        290        256         96       7048      19139   os_core.o
       184         32          0          0          0        316   os_cpu_a.o
       712         28          0          6        512      12347   os_cpu_c.o
       348        230        116          0          0       3386   os_dbg.o
      2148         44          0          0          0       7016   os_flag.o
       600         16          0          0          0       3324   os_mem.o
      1620         34          0          0          0       5753   os_q.o
       992         22          0          0          0       3974   os_sem.o
      2316         76          0          0          0       8145   os_task.o
       468         28          0          0          0       1854   os_time.o
      1760        132          0          0          0       5637   os_tmr.o
        80         32        392          0       1536        876   startup_stm32f4xx.o
      2544         38          0          0          0       8112   stm32f4xx_can.o
       604         36          0          0          0       4205   stm32f4xx_gpio.o
      1276        124          0         27         12      13968   stm32f4xx_it.o
      1416         48          0         16          0      11111   stm32f4xx_rcc.o
      3234         60          0          0          0      22440   stm32f4xx_tim.o
      1086         26          0          0          0       7960   stm32f4xx_usart.o
       528         46          0         20          0       1863   system_stm32f4xx.o
       420        100          0          9       5192       1375   task.o
      1928         40          0          0          0      44827   timer.o
       368         54          0         40        108       6230   update.o
      2360         54          0          2          0      12032   usart.o

    ----------------------------------------------------------------------
     35088       1768       1060        228      19528     452507   Object Totals
         0          0         32          0          0          0   (incl. Generated)
         8          0          0         10          0          0   (incl. Padding)

    ----------------------------------------------------------------------

      Code (inc. data)   RO Data    RW Data    ZI Data      Debug   Library Member Name

         8          0          0          0          0         68   __main.o
         0          0          0          0          0          0   __rtentry.o
        12          0          0          0          0          0   __rtentry2.o
         6          0          0          0          0          0   __rtentry4.o
        52          8          0          0          0          0   __scatter.o
        26          0          0          0          0          0   __scatter_copy.o
        28          0          0          0          0          0   __scatter_zi.o
        22          0          0          0          0        100   _rserrno.o
        12          0          0          0          0         72   exit.o
         6          0          0          0          0        152   heapauxi.o
         0          0          0          0          0          0   indicate_semi.o
         2          0          0          0          0          0   libinit.o
         6          0          0          0          0          0   libinit2.o
         2          0          0          0          0          0   libshutdown.o
         2          0          0          0          0          0   libshutdown2.o
         8          4          0          0         96         68   libspace.o
         8          4          0          0          0         68   rt_errno_addr_intlibspace.o
       100          0          0          0          0         80   rt_memcpy_w.o
         2          0          0          0          0          0   rtexit.o
        10          0          0          0          0          0   rtexit2.o
        12          4          0          0          0         68   sys_exit.o
        74          0          0          0          0         80   sys_stackheap_outer.o
         2          0          0          0          0         68   use_no_semi.o
        24          0          0          0          0        164   basic.o
        98          4          0          0          0        140   d2f.o
       826         16          0          0          0        492   daddsub_clz.o
        16          4          0          0          0        116   dcheck1.o
        24          0          0          0          0        116   dcmpi.o
       688        140          0          0          0        256   ddiv.o
        94          4          0          0          0        140   dfix.o
        84          0          0          0          0        232   dflt_clz.o
       120          4          0          0          0        140   dleqf.o
       340         12          0          0          0        152   dmul.o
       156          4          0          0          0        140   dnaninf.o
        12          0          0          0          0        116   dretinf.o
       108          0          0          0          0        128   drleqf.o
       408         56          0          0          0        168   dsqrt_umaal.o
        86          4          0          0          0        132   f2d.o
       140          4          0          0          0        132   fnaninf.o
        10          0          0          0          0        116   fpinit.o
        10          0          0          0          0        116   fretinf.o
       100          0          0          0          0        116   retnan.o
        92          0          0          0          0        116   scalbn.o
        48          0          0          0          0        116   trapv.o
         0          0          0          0          0          0   usenofp.o
       856        118         80          0          0        288   acos.o
       864         94         80          0          0        280   asin.o
       200         20          0          0          0        164   cos.o
       368         46         48          0          0        200   cos_i.o
       184         44          0          0          0        744   dunder.o
        24          0          0          0          0        124   fabs.o
        48          0          0          0          0        124   fpclassify.o
       248          0          0          0          0        152   poly.o
      3128        302        136          0          0        356   pow.o
         0          0          8          0          0          0   qnan.o
      1080        142        200          0          0        188   rred.o
       200         20          0          0          0        164   sin.o
       304         24         40          0          0        208   sin_i.o
       110          0          0          0          0        148   sqrt.o
       128         20          0          0          0        144   tan.o
       848         84         96          0          0        196   tan_i.o

    ----------------------------------------------------------------------
     12492       1186        688          0        100       7648   Library Totals
        18          0          0          0          4          0   (incl. Padding)

    ----------------------------------------------------------------------

      Code (inc. data)   RO Data    RW Data    ZI Data      Debug   Library Name

       400         20          0          0         96        824   c_w.l
      3484        252          0          0          0       3344   fz_wm.l
      8590        914        688          0          0       3480   m_wm.l

    ----------------------------------------------------------------------
     12492       1186        688          0        100       7648   Library Totals

    ----------------------------------------------------------------------

==============================================================================


      Code (inc. data)   RO Data    RW Data    ZI Data      Debug   

     47580       2954       1748        228      19628     449743   Grand Totals
     47580       2954       1748        228      19628     449743   ELF Image Totals
     47580       2954       1748        228          0          0   ROM Totals

==============================================================================

    Total RO  Size (Code + RO Data)                49328 (  48.17kB)
    Total RW  Size (RW Data + ZI Data)             19856 (  19.39kB)
    Total ROM Size (Code + RO Data + RW Data)      49556 (  48.39kB)

==============================================================================

